Component: ARM Compiler 5.06 update 7 (build 960) Tool: armlink [4d3601]

==============================================================================

Section Cross References

    startup_stm32f427xx.o(STACK) refers (Special) to heapauxi.o(.text) for __use_two_region_memory
    startup_stm32f427xx.o(HEAP) refers (Special) to heapauxi.o(.text) for __use_two_region_memory
    startup_stm32f427xx.o(RESET) refers (Special) to heapauxi.o(.text) for __use_two_region_memory
    startup_stm32f427xx.o(RESET) refers to startup_stm32f427xx.o(STACK) for __initial_sp
    startup_stm32f427xx.o(RESET) refers to startup_stm32f427xx.o(.text) for Reset_Handler
    startup_stm32f427xx.o(RESET) refers to stm32f4xx_it.o(i.NMI_Handler) for NMI_Handler
    startup_stm32f427xx.o(RESET) refers to stm32f4xx_it.o(i.HardFault_Handler) for HardFault_Handler
    startup_stm32f427xx.o(RESET) refers to stm32f4xx_it.o(i.MemManage_Handler) for MemManage_Handler
    startup_stm32f427xx.o(RESET) refers to stm32f4xx_it.o(i.BusFault_Handler) for BusFault_Handler
    startup_stm32f427xx.o(RESET) refers to stm32f4xx_it.o(i.UsageFault_Handler) for UsageFault_Handler
    startup_stm32f427xx.o(RESET) refers to stm32f4xx_it.o(i.SVC_Handler) for SVC_Handler
    startup_stm32f427xx.o(RESET) refers to stm32f4xx_it.o(i.DebugMon_Handler) for DebugMon_Handler
    startup_stm32f427xx.o(RESET) refers to stm32f4xx_it.o(i.PendSV_Handler) for PendSV_Handler
    startup_stm32f427xx.o(RESET) refers to stm32f4xx_it.o(i.SysTick_Handler) for SysTick_Handler
    startup_stm32f427xx.o(RESET) refers to remote_control.o(i.USART1_IRQHandler) for USART1_IRQHandler
    startup_stm32f427xx.o(RESET) refers to stm32f4xx_it.o(i.DMA2_Stream6_IRQHandler) for DMA2_Stream6_IRQHandler
    startup_stm32f427xx.o(.text) refers (Special) to heapauxi.o(.text) for __use_two_region_memory
    startup_stm32f427xx.o(.text) refers to system_stm32f4xx.o(i.SystemInit) for SystemInit
    startup_stm32f427xx.o(.text) refers to __main.o(!!!main) for __main
    startup_stm32f427xx.o(.text) refers to startup_stm32f427xx.o(HEAP) for Heap_Mem
    startup_stm32f427xx.o(.text) refers to startup_stm32f427xx.o(STACK) for Stack_Mem
    main.o(i.SystemClock_Config) refers to rt_memclr_w.o(.text) for __aeabi_memclr4
    main.o(i.SystemClock_Config) refers to stm32f4xx_hal_rcc.o(i.HAL_RCC_OscConfig) for HAL_RCC_OscConfig
    main.o(i.SystemClock_Config) refers to stm32f4xx_hal_rcc.o(i.HAL_RCC_ClockConfig) for HAL_RCC_ClockConfig
    main.o(i.main) refers to stm32f4xx_hal.o(i.HAL_Init) for HAL_Init
    main.o(i.main) refers to main.o(i.SystemClock_Config) for SystemClock_Config
    main.o(i.main) refers to gpio.o(i.MX_GPIO_Init) for MX_GPIO_Init
    main.o(i.main) refers to dma.o(i.MX_DMA_Init) for MX_DMA_Init
    main.o(i.main) refers to usart.o(i.MX_USART1_UART_Init) for MX_USART1_UART_Init
    main.o(i.main) refers to usart.o(i.MX_USART6_UART_Init) for MX_USART6_UART_Init
    main.o(i.main) refers to remote_control.o(i.remote_control_init) for remote_control_init
    main.o(i.main) refers to bsp_usart.o(i.usart6_tx_dma_init) for usart6_tx_dma_init
    main.o(i.main) refers to remote_control.o(i.get_remote_control_point) for get_remote_control_point
    main.o(i.main) refers to main.o(i.usart_printf) for usart_printf
    main.o(i.main) refers to stm32f4xx_hal.o(i.HAL_Delay) for HAL_Delay
    main.o(i.main) refers to main.o(.data) for .data
    main.o(i.main) refers to main.o(.conststring) for .conststring
    main.o(i.usart_printf) refers to vsprintf.o(.text) for vsprintf
    main.o(i.usart_printf) refers to bsp_usart.o(i.usart6_tx_dma_enable) for usart6_tx_dma_enable
    main.o(i.usart_printf) refers to main.o(.data) for .data
    main.o(i.usart_printf) refers to main.o(.bss) for .bss
    dma.o(i.MX_DMA_Init) refers to stm32f4xx_hal_cortex.o(i.HAL_NVIC_SetPriority) for HAL_NVIC_SetPriority
    dma.o(i.MX_DMA_Init) refers to stm32f4xx_hal_cortex.o(i.HAL_NVIC_EnableIRQ) for HAL_NVIC_EnableIRQ
    usart.o(i.HAL_UART_MspDeInit) refers to stm32f4xx_hal_gpio.o(i.HAL_GPIO_DeInit) for HAL_GPIO_DeInit
    usart.o(i.HAL_UART_MspDeInit) refers to stm32f4xx_hal_dma.o(i.HAL_DMA_DeInit) for HAL_DMA_DeInit
    usart.o(i.HAL_UART_MspDeInit) refers to stm32f4xx_hal_cortex.o(i.HAL_NVIC_DisableIRQ) for HAL_NVIC_DisableIRQ
    usart.o(i.HAL_UART_MspInit) refers to rt_memclr_w.o(.text) for __aeabi_memclr4
    usart.o(i.HAL_UART_MspInit) refers to stm32f4xx_hal_gpio.o(i.HAL_GPIO_Init) for HAL_GPIO_Init
    usart.o(i.HAL_UART_MspInit) refers to stm32f4xx_hal_dma.o(i.HAL_DMA_Init) for HAL_DMA_Init
    usart.o(i.HAL_UART_MspInit) refers to main.o(i.Error_Handler) for Error_Handler
    usart.o(i.HAL_UART_MspInit) refers to stm32f4xx_hal_cortex.o(i.HAL_NVIC_SetPriority) for HAL_NVIC_SetPriority
    usart.o(i.HAL_UART_MspInit) refers to stm32f4xx_hal_cortex.o(i.HAL_NVIC_EnableIRQ) for HAL_NVIC_EnableIRQ
    usart.o(i.HAL_UART_MspInit) refers to usart.o(.bss) for .bss
[...]
    .ARM.Collect$$_printf_percent$$0000000B  0x08000260   Section        6  _printf_o.o(.ARM.Collect$$_printf_percent$$0000000B)
    .ARM.Collect$$_printf_percent$$0000000C  0x08000266   Section        6  _printf_x.o(.ARM.Collect$$_printf_percent$$0000000C)
    .ARM.Collect$$_printf_percent$$0000000D  0x0800026c   Section        6  _printf_lli.o(.ARM.Collect$$_printf_percent$$0000000D)
    .ARM.Collect$$_printf_percent$$0000000E  0x08000272   Section        6  _printf_lld.o(.ARM.Collect$$_printf_percent$$0000000E)
    .ARM.Collect$$_printf_percent$$0000000F  0x08000278   Section        6  _printf_llu.o(.ARM.Collect$$_printf_percent$$0000000F)
    .ARM.Collect$$_printf_percent$$00000010  0x0800027e   Section        6  _printf_llo.o(.ARM.Collect$$_printf_percent$$00000010)
    .ARM.Collect$$_printf_percent$$00000011  0x08000284   Section        6  _printf_llx.o(.ARM.Collect$$_printf_percent$$00000011)
    .ARM.Collect$$_printf_percent$$00000012  0x0800028a   Section       10  _printf_l.o(.ARM.Collect$$_printf_percent$$00000012)
    .ARM.Collect$$_printf_percent$$00000013  0x08000294   Section        6  _printf_c.o(.ARM.Collect$$_printf_percent$$00000013)
    .ARM.Collect$$_printf_percent$$00000014  0x0800029a   Section        6  _printf_s.o(.ARM.Collect$$_printf_percent$$00000014)
    .ARM.Collect$$_printf_percent$$00000015  0x080002a0   Section        6  _printf_lc.o(.ARM.Collect$$_printf_percent$$00000015)
    .ARM.Collect$$_printf_percent$$00000016  0x080002a6   Section        6  _printf_ls.o(.ARM.Collect$$_printf_percent$$00000016)
    .ARM.Collect$$_printf_percent$$00000017  0x080002ac   Section        4  _printf_percent_end.o(.ARM.Collect$$_printf_percent$$00000017)
    .ARM.Collect$$libinit$$00000000          0x080002b0   Section        2  libinit.o(.ARM.Collect$$libinit$$00000000)
    .ARM.Collect$$libinit$$00000001          0x080002b2   Section        4  libinit2.o(.ARM.Collect$$libinit$$00000001)
    .ARM.Collect$$libinit$$00000004          0x080002b6   Section        0  libinit2.o(.ARM.Collect$$libinit$$00000004)
    .ARM.Collect$$libinit$$0000000A          0x080002b6   Section        0  libinit2.o(.ARM.Collect$$libinit$$0000000A)
    .ARM.Collect$$libinit$$0000000C          0x080002b6   Section        0  libinit2.o(.ARM.Collect$$libinit$$0000000C)
    .ARM.Collect$$libinit$$0000000E          0x080002b6   Section        0  libinit2.o(.ARM.Collect$$libinit$$0000000E)
    .ARM.Collect$$libinit$$0000000F          0x080002b6   Section        6  libinit2.o(.ARM.Collect$$libinit$$0000000F)
    .ARM.Collect$$libinit$$00000011          0x080002bc   Section        0  libinit2.o(.ARM.Collect$$libinit$$00000011)
    .ARM.Collect$$libinit$$00000012          0x080002bc   Section       12  libinit2.o(.ARM.Collect$$libinit$$00000012)
    .ARM.Collect$$libinit$$00000013          0x080002c8   Section        0  libinit2.o(.ARM.Collect$$libinit$$00000013)
    .ARM.Collect$$libinit$$00000015          0x080002c8   Section        0  libinit2.o(.ARM.Collect$$libinit$$00000015)
    .ARM.Collect$$libinit$$00000016          0x080002c8   Section       10  libinit2.o(.ARM.Collect$$libinit$$00000016)
    .ARM.Collect$$libinit$$00000017          0x080002d2   Section        0  libinit2.o(.ARM.Collect$$libinit$$00000017)
    .ARM.Collect$$libinit$$00000019          0x080002d2   Section        0  libinit2.o(.ARM.Collect$$libinit$$00000019)
    .ARM.Collect$$libinit$$0000001B          0x080002d2   Section        0  libinit2.o(.ARM.Collect$$libinit$$0000001B)
    .ARM.Collect$$libinit$$0000001D          0x080002d2   Section        0  libinit2.o(.ARM.Collect$$libinit$$0000001D)
    .ARM.Collect$$libinit$$0000001F          0x080002d2   Section        0  libinit2.o(.ARM.Collect$$libinit$$0000001F)
    .ARM.Collect$$libinit$$00000021          0x080002d2   Section        0  libinit2.o(.ARM.Collect$$libinit$$00000021)
    .ARM.Collect$$libinit$$00000023          0x080002d2   Section        0  libinit2.o(.ARM.Collect$$libinit$$00000023)
    .ARM.Collect$$libinit$$00000025          0x080002d2   Section        0  libinit2.o(.ARM.Collect$$libinit$$00000025)
    .ARM.Collect$$libinit$$0000002C          0x080002d2   Section        0  libinit2.o(.ARM.Collect$$libinit$$0000002C)
    .ARM.Collect$$libinit$$0000002E          0x080002d2   Section        0  libinit2.o(.ARM.Collect$$libinit$$0000002E)
    .ARM.Collect$$libinit$$00000030          0x080002d2   Section        0  libinit2.o(.ARM.Collect$$libinit$$00000030)
    .ARM.Collect$$libinit$$00000032          0x080002d2   Section        0  libinit2.o(.ARM.Collect$$libinit$$00000032)
    .ARM.Collect$$libinit$$00000033          0x080002d2   Section        2  libinit2.o(.ARM.Collect$$libinit$$00000033)
    .ARM.Collect$$libshutdown$$00000000      0x080002d4   Section        2  libshutdown.o(.ARM.Collect$$libshutdown$$00000000)
    .ARM.Collect$$libshutdown$$00000002      0x080002d6   Section        0  libshutdown2.o(.ARM.Collect$$libshutdown$$00000002)
    .ARM.Collect$$libshutdown$$00000004      0x080002d6   Section        0  libshutdown2.o(.ARM.Collect$$libshutdown$$00000004)
    .ARM.Collect$$libshutdown$$00000006      0x080002d6   Section        0  libshutdown2.o(.ARM.Collect$$libshutdown$$00000006)
    .ARM.Collect$$libshutdown$$00000009      0x080002d6   Section        0  libshutdown2.o(.ARM.Collect$$libshutdown$$00000009)
    .ARM.Collect$$libshutdown$$0000000C      0x080002d6   Section        0  libshutdown2.o(.ARM.Collect$$libshutdown$$0000000C)
    .ARM.Collect$$libshutdown$$0000000E      0x080002d6   Section        0  libshutdown2.o(.ARM.Collect$$libshutdown$$0000000E)
    .ARM.Collect$$libshutdown$$00000011      0x080002d6   Section        0  libshutdown2.o(.ARM.Collect$$libshutdown$$00000011)
    .ARM.Collect$$libshutdown$$00000012      0x080002d6   Section        2  libshutdown2.o(.ARM.Collect$$libshutdown$$00000012)
    .ARM.Collect$$rtentry$$00000000          0x080002d8   Section        0  __rtentry.o(.ARM.Collect$$rtentry$$00000000)
    .ARM.Collect$$rtentry$$00000002          0x080002d8   Section        0  __rtentry2.o(.ARM.Collect$$rtentry$$00000002)
    .ARM.Collect$$rtentry$$00000004          0x080002d8   Section        6  __rtentry4.o(.ARM.Collect$$rtentry$$00000004)
    .ARM.Collect$$rtentry$$00000009          0x080002de   Section        0  __rtentry2.o(.ARM.Collect$$rtentry$$00000009)
    .ARM.Collect$$rtentry$$0000000A          0x080002de   Section        4  __rtentry2.o(.ARM.Collect$$rtentry$$0000000A)
    .ARM.Collect$$rtentry$$0000000C          0x080002e2   Section        0  __rtentry2.o(.ARM.Collect$$rtentry$$0000000C)
    .ARM.Collect$$rtentry$$0000000D          0x080002e2   Section        8  __rtentry2.o(.ARM.Collect$$rtentry$$0000000D)
    .ARM.Collect$$rtexit$$00000000           0x080002ea   Section        2  rtexit.o(.ARM.Collect$$rtexit$$00000000)
    .ARM.Collect$$rtexit$$00000002           0x080002ec   Section        0  rtexit2.o(.ARM.Collect$$rtexit$$00000002)
    .ARM.Collect$$rtexit$$00000003           0x080002ec   Section        4  rtexit2.o(.ARM.Collect$$rtexit$$00000003)
    .ARM.Collect$$rtexit$$00000004           0x080002f0   Section        6  rtexit2.o(.ARM.Collect$$rtexit$$00000004)
    .text                                    0x080002f8   Section       64  startup_stm32f427xx.o(.text)
    $v0                                      0x080002f8   Number         0  startup_stm32f427xx.o(.text)
    .text                                    0x08000338   Section      238  lludivv7m.o(.text)
    .text                                    0x08000428   Section        0  vsprintf.o(.text)
    .text                                    0x0800044c   Section       78  rt_memclr_w.o(.text)
    .text                                    0x0800049a   Section        0  heapauxi.o(.text)
    .text                                    0x080004a0   Section        0  _printf_pad.o(.text)
    .text                                    0x080004ee   Section        0  _printf_truncate.o(.text)
    .text                                    0x08000512   Section        0  _printf_str.o(.text)
    .text                                    0x08000564   Section        0  _printf_dec.o(.text)
    .text                                    0x080005dc   Section        0  _printf_charcount.o(.text)
    .text                                    0x08000604   Section        0  _printf_char_common.o(.text)
    _printf_input_char                       0x08000605   Thumb Code    10  _printf_char_common.o(.text)
    .text                                    0x08000634   Section        0  _sputc.o(.text)
    .text                                    0x08000640   Section        0  _printf_wctomb.o(.text)
    .text                                    0x080006fc   Section        0  _printf_longlong_dec.o(.text)
    .text                                    0x08000778   Section        0  _printf_oct_int_ll.o(.text)
    _printf_longlong_oct_internal            0x08000779   Thumb Code     0  _printf_oct_int_ll.o(.text)
    .text                                    0x080007e8   Section        0  _printf_hex_int_ll_ptr.o(.text)
    _printf_hex_common                       0x080007e9   Thumb Code     0  _printf_hex_int_ll_ptr.o(.text)
    .text                                    0x0800087c   Section        0  __printf_flags_ss_wp.o(.text)
    .text                                    0x08000a04   Section      138  lludiv10.o(.text)
    .text                                    0x08000a8e   Section        0  _printf_intcommon.o(.text)
    .text                                    0x08000b40   Section        0  _printf_fp_dec.o(.text)
    _fp_digits                               0x08000b43   Thumb Code   432  _printf_fp_dec.o(.text)
    .text                                    0x08000f60   Section        0  _printf_fp_hex.o(.text)
    .text                                    0x0800125c   Section        0  _printf_char.o(.text)
    .text                                    0x08001288   Section        0  _printf_wchar.o(.text)
    .text                                    0x080012b4   Section        0  _wcrtomb.o(.text)
    .text                                    0x080012f4   Section       74  sys_stackheap_outer.o(.text)
    .text                                    0x08001340   Section       16  rt_ctype_table.o(.text)
    .text                                    0x08001350   Section        8  rt_locale_intlibspace.o(.text)
    .text                                    0x08001358   Section        0  _printf_fp_infnan.o(.text)
    .text                                    0x080013d8   Section        0  bigflt0.o(.text)
    .text                                    0x080014bc   Section        0  exit.o(.text)
    .text                                    0x080014d0   Section        8  libspace.o(.text)
    .text                                    0x080014d8   Section      128  strcmpv7m.o(.text)
    .text                                    0x08001558   Section        0  sys_exit.o(.text)
    .text                                    0x08001564   Section        2  use_no_semi.o(.text)
    .text                                    0x08001566   Section        0  indicate_semi.o(.text)
    CL$$btod_d2e                             0x08001566   Section       62  btod.o(CL$$btod_d2e)
    CL$$btod_d2e_denorm_low                  0x080015a4   Section       70  btod.o(CL$$btod_d2e_denorm_low)
    CL$$btod_d2e_norm_op1                    0x080015ea   Section       96  btod.o(CL$$btod_d2e_norm_op1)
    CL$$btod_div_common                      0x0800164a   Section      824  btod.o(CL$$btod_div_common)
    CL$$btod_e2e                             0x08001982   Section      220  btod.o(CL$$btod_e2e)
    CL$$btod_ediv                            0x08001a5e   Section       42  btod.o(CL$$btod_ediv)
    CL$$btod_emul                            0x08001a88   Section       42  btod.o(CL$$btod_emul)
    CL$$btod_mult_common                     0x08001ab2   Section      580  btod.o(CL$$btod_mult_common)
    i.BusFault_Handler                       0x08001cf6   Section        0  stm32f4xx_it.o(i.BusFault_Handler)
    i.DMA2_Stream6_IRQHandler                0x08001cf8   Section        0  stm32f4xx_it.o(i.DMA2_Stream6_IRQHandler)
    i.DMA_CalcBaseAndBitshift                0x08001d04   Section        0  stm32f4xx_hal_dma.o(i.DMA_CalcBaseAndBitshift)
    DMA_CalcBaseAndBitshift                  0x08001d05   Thumb Code    34  stm32f4xx_hal_dma.o(i.DMA_CalcBaseAndBitshift)
    i.DMA_CheckFifoParam                     0x08001d2c   Section        0  stm32f4xx_hal_dma.o(i.DMA_CheckFifoParam)
    DMA_CheckFifoParam                       0x08001d2d   Thumb Code    84  stm32f4xx_hal_dma.o(i.DMA_CheckFifoParam)
    i.DebugMon_Handler                       0x08001d80   Section        0  stm32f4xx_it.o(i.DebugMon_Handler)
    i.Error_Handler                          0x08001d82   Section        0  main.o(i.Error_Handler)
    i.HAL_DMA_IRQHandler                     0x08001d88   Section        0  stm32f4xx_hal_dma.o(i.HAL_DMA_IRQHandler)
    i.HAL_DMA_Init                           0x08001f28   Section        0  stm32f4xx_hal_dma.o(i.HAL_DMA_Init)
    i.HAL_Delay                              0x08001ffc   Section        0  stm32f4xx_hal.o(i.HAL_Delay)
    i.HAL_GPIO_Init                          0x08002020   Section        0  stm32f4xx_hal_gpio.o(i.HAL_GPIO_Init)
    i.HAL_GetTick                            0x08002254   Section        0  stm32f4xx_hal.o(i.HAL_GetTick)
    i.HAL_IncTick                            0x08002260   Section        0  stm32f4xx_hal.o(i.HAL_IncTick)
    i.HAL_Init                               0x08002270   Section        0  stm32f4xx_hal.o(i.HAL_Init)
    i.HAL_InitTick                           0x080022a4   Section        0  stm32f4xx_hal.o(i.HAL_InitTick)
    i.HAL_MspInit                            0x080022e4   Section        0  stm32f4xx_hal_msp.o(i.HAL_MspInit)
    i.HAL_NVIC_EnableIRQ                     0x08002314   Section        0  stm32f4xx_hal_cortex.o(i.HAL_NVIC_EnableIRQ)
    i.HAL_NVIC_SetPriority                   0x08002330   Section        0  stm32f4xx_hal_cortex.o(i.HAL_NVIC_SetPriority)
    i.HAL_NVIC_SetPriorityGrouping           0x08002370   Section        0  stm32f4xx_hal_cortex.o(i.HAL_NVIC_SetPriorityGrouping)
    i.HAL_RCC_ClockConfig                    0x08002394   Section        0  stm32f4xx_hal_rcc.o(i.HAL_RCC_ClockConfig)
    i.HAL_RCC_GetPCLK1Freq                   0x080024c8   Section        0  stm32f4xx_hal_rcc.o(i.HAL_RCC_GetPCLK1Freq)
    i.HAL_RCC_GetPCLK2Freq                   0x080024e8   Section        0  stm32f4xx_hal_rcc.o(i.HAL_RCC_GetPCLK2Freq)
    i.HAL_RCC_GetSysClockFreq                0x08002508   Section        0  stm32f4xx_hal_rcc.o(i.HAL_RCC_GetSysClockFreq)
    i.HAL_RCC_OscConfig                      0x0800256c   Section        0  stm32f4xx_hal_rcc.o(i.HAL_RCC_OscConfig)
    i.HAL_SYSTICK_Config                     0x080028d8   Section        0  stm32f4xx_hal_cortex.o(i.HAL_SYSTICK_Config)
    i.HAL_UART_Init                          0x08002900   Section        0  stm32f4xx_hal_uart.o(i.HAL_UART_Init)
    i.HAL_UART_MspInit                       0x08002964   Section        0  usart.o(i.HAL_UART_MspInit)
    i.HAL_UART_Transmit                      0x08002aa4   Section        0  stm32f4xx_hal_uart.o(i.HAL_UART_Transmit)
    i.HardFault_Handler                      0x08002b56   Section        0  stm32f4xx_it.o(i.HardFault_Handler)
    i.MX_DMA_Init                            0x08002b58   Section        0  dma.o(i.MX_DMA_Init)
    i.MX_GPIO_Init                           0x08002b94   Section        0  gpio.o(i.MX_GPIO_Init)
    i.MX_USART1_UART_Init                    0x08002be0   Section        0  usart.o(i.MX_USART1_UART_Init)
    i.MX_USART6_UART_Init                    0x08002c20   Section        0  usart.o(i.MX_USART6_UART_Init)
    i.MemManage_Handler                      0x08002c58   Section        0  stm32f4xx_it.o(i.MemManage_Handler)
    i.NMI_Handler                            0x08002c5a   Section        0  stm32f4xx_it.o(i.NMI_Handler)
    i.PendSV_Handler                         0x08002c5c   Section        0  stm32f4xx_it.o(i.PendSV_Handler)
    i.RC_init                                0x08002c60   Section        0  bsp_rc.o(i.RC_init)
    i.SVC_Handler                            0x08002cc0   Section        0  stm32f4xx_it.o(i.SVC_Handler)
    i.SysTick_Handler                        0x08002cc2   Section        0  stm32f4xx_it.o(i.SysTick_Handler)
    i.SystemClock_Config                     0x08002cc8   Section        0  main.o(i.SystemClock_Config)
    i.SystemInit                             0x08002d5c   Section        0  system_stm32f4xx.o(i.SystemInit)
    i.UART_SetConfig                         0x08002d6c   Section        0  stm32f4xx_hal_uart.o(i.UART_SetConfig)
    UART_SetConfig                           0x08002d6d   Thumb Code   258  stm32f4xx_hal_uart.o(i.UART_SetConfig)
    i.UART_WaitOnFlagUntilTimeout            0x08002e78   Section        0  stm32f4xx_hal_uart.o(i.UART_WaitOnFlagUntilTimeout)
    UART_WaitOnFlagUntilTimeout              0x08002e79   Thumb Code   120  stm32f4xx_hal_uart.o(i.UART_WaitOnFlagUntilTimeout)
    i.USART1_IRQHandler                      0x08002ef0   Section        0  remote_control.o(i.USART1_IRQHandler)
    i.UsageFault_Handler                     0x08002fa4   Section        0  stm32f4xx_it.o(i.UsageFault_Handler)
    i.__ARM_fpclassify                       0x08002fa6   Section        0  fpclassify.o(i.__ARM_fpclassify)
    i.__NVIC_SetPriority                     0x08002fd6   Section        0  stm32f4xx_hal_cortex.o(i.__NVIC_SetPriority)
    __NVIC_SetPriority                       0x08002fd7   Thumb Code    32  stm32f4xx_hal_cortex.o(i.__NVIC_SetPriority)
    i._is_digit                              0x08002ff6   Section        0  __printf_wp.o(i._is_digit)
    i.get_remote_control_point               0x08003004   Section        0  remote_control.o(i.get_remote_control_point)
    i.main                                   0x0800300c   Section        0  main.o(i.main)
    i.remote_control_init                    0x08003090   Section        0  remote_control.o(i.remote_control_init)
    i.sbus_to_rc                             0x080030a0   Section        0  remote_control.o(i.sbus_to_rc)
    sbus_to_rc                               0x080030a1   Thumb Code    92  remote_control.o(i.sbus_to_rc)
    i.usart6_tx_dma_enable                   0x080030fc   Section        0  bsp_usart.o(i.usart6_tx_dma_enable)
    i.usart6_tx_dma_init                     0x080031a8   Section        0  bsp_usart.o(i.usart6_tx_dma_init)
    i.usart_printf                           0x080031bc   Section        0  main.o(i.usart_printf)
    locale$$code                             0x080031ec   Section       44  lc_numeric_c.o(locale$$code)
    locale$$code                             0x08003218   Section       44  lc_ctype_c.o(locale$$code)
    x$fpl$fpinit                             0x08003244   Section       10  fpinit.o(x$fpl$fpinit)
    $v0                                      0x08003244   Number         0  fpinit.o(x$fpl$fpinit)
    x$fpl$printf1                            0x0800324e   Section        4  printf1.o(x$fpl$printf1)
    $v0                                      0x0800324e   Number         0  printf1.o(x$fpl$printf1)
    x$fpl$printf2                            0x08003252   Section        4  printf2.o(x$fpl$printf2)
    $v0                                      0x08003252   Number         0  printf2.o(x$fpl$printf2)
    .constdata                               0x08003256   Section        8  stm32f4xx_hal_dma.o(.constdata)
    x$fpl$usenofp                            0x08003256   Section        0  usenofp.o(x$fpl$usenofp)
    flagBitshiftOffset                       0x08003256   Data           8  stm32f4xx_hal_dma.o(.constdata)
    .constdata                               0x0800325e   Section       16  system_stm32f4xx.o(.constdata)
    .constdata                               0x0800326e   Section        8  system_stm32f4xx.o(.constdata)
    .constdata                               0x08003278   Section        8  _printf_wctomb.o(.constdata)
    initial_mbstate                          0x08003278   Data           8  _printf_wctomb.o(.constdata)
    .constdata                               0x08003280   Section       40  _printf_hex_int_ll_ptr.o(.constdata)
    uc_hextab                                0x08003280   Data          20  _printf_hex_int_ll_ptr.o(.constdata)
    lc_hextab                                0x08003294   Data          20  _printf_hex_int_ll_ptr.o(.constdata)
    .constdata                               0x080032a8   Section       17  __printf_flags_ss_wp.o(.constdata)
    maptable                                 0x080032a8   Data          17  __printf_flags_ss_wp.o(.constdata)
    .constdata                               0x080032b9   Section       38  _printf_fp_hex.o(.constdata)
    lc_hextab                                0x080032b9   Data          19  _printf_fp_hex.o(.constdata)
    uc_hextab                                0x080032cc   Data          19  _printf_fp_hex.o(.constdata)
    .constdata                               0x080032e0   Section      148  bigflt0.o(.constdata)
    tenpwrs_x                                0x080032e0   Data          60  bigflt0.o(.constdata)
    tenpwrs_i                                0x0800331c   Data          64  bigflt0.o(.constdata)
    .conststring                             0x08003374   Section      135  main.o(.conststring)
    locale$$data                             0x0800341c   Section       28  lc_numeric_c.o(locale$$data)
    __lcnum_c_name                           0x08003420   Data           2  lc_numeric_c.o(locale$$data)
    __lcnum_c_start                          0x08003428   Data           0  lc_numeric_c.o(locale$$data)
    __lcnum_c_point                          0x08003434   Data           0  lc_numeric_c.o(locale$$data)
    __lcnum_c_thousands                      0x08003436   Data           0  lc_numeric_c.o(locale$$data)
    __lcnum_c_grouping                       0x08003437   Data           0  lc_numeric_c.o(locale$$data)
    locale$$data                             0x08003438   Section      272  lc_ctype_c.o(locale$$data)
    __lcnum_c_end                            0x08003438   Data           0  lc_numeric_c.o(locale$$data)
    __lcctype_c_name                         0x0800343c   Data           2  lc_ctype_c.o(locale$$data)
    __lcctype_c_start                        0x08003444   Data           0  lc_ctype_c.o(locale$$data)
    __lcctype_c_end                          0x08003548   Data           0  lc_ctype_c.o(locale$$data)
    .data                                    0x20000000   Section       12  main.o(.data)
    len                                      0x20000000   Data           2  main.o(.data)
    ap                                       0x20000004   Data           4  main.o(.data)
    .data                                    0x2000000c   Section       12  stm32f4xx_hal.o(.data)
    .data                                    0x20000018   Section        4  system_stm32f4xx.o(.data)
    .data                                    0x2000001c   Section        2  remote_control.o(.data)
    this_time_rx_len                         0x2000001c   Data           2  remote_control.o(.data)
    .bss                                     0x20000020   Section      256  main.o(.bss)
    tx_buf                                   0x20000020   Data         256  main.o(.bss)
    .bss                                     0x20000120   Section      328  usart.o(.bss)
    .bss                                     0x20000268   Section       94  remote_control.o(.bss)
    sbus_rx_buf                              0x2000027e   Data          72  remote_control.o(.bss)
    .bss                                     0x200002c8   Section       96  libspace.o(.bss)
    HEAP                                     0x20000328   Section      512  startup_stm32f427xx.o(HEAP)
    Heap_Mem                                 0x20000328   Data         512  startup_stm32f427xx.o(HEAP)
    STACK                                    0x20000528   Section     1024  startup_stm32f427xx.o(STACK)
    Stack_Mem                                0x20000528   Data        1024  startup_stm32f427xx.o(STACK)
    __initial_sp                             0x20000928   Data           0  startup_stm32f427xx.o(STACK)

    Global Symbols

    Symbol Name                              Value     Ov Type        Size  Object(Section)

    BuildAttributes$$THM_ISAv4$E$P$D$K$B$S$7EM$VFPi3$EXTD16$VFPS$VFMA$PE$A:L22UL41UL21$X:L11$S22US41US21$IEEE1$IW$USESV6$~STKCKD$USESV7$~SHL$OTIME$ROPI$IEEEJ$EBA8$UX$STANDARDLIB$REQ8$PRES8$EABIv2 0x00000000   Number         0  anon$$obj.o ABSOLUTE
    __ARM_use_no_argv                        0x00000000   Number         0  main.o ABSOLUTE
    _printf_flags                            0x00000000   Number         0  printf_stubs.o ABSOLUTE
    _printf_return_value                     0x00000000   Number         0  printf_stubs.o ABSOLUTE
    _printf_sizespec                         0x00000000   Number         0  printf_stubs.o ABSOLUTE
    _printf_widthprec                        0x00000000   Number         0  printf_stubs.o ABSOLUTE
    __ARM_exceptions_init                     - Undefined Weak Reference
    __alloca_initialize                       - Undefined Weak Reference
    __arm_fini_                               - Undefined Weak Reference
    __arm_preinit_                            - Undefined Weak Reference
    __cpp_initialize__aeabi_                  - Undefined Weak Reference
    __cxa_finalize                            - Undefined Weak Reference
    __sigvec_lookup                           - Undefined Weak Reference
    _atexit_init                              - Undefined Weak Reference
    _call_atexit_fns                          - Undefined Weak Reference
    _clock_init                               - Undefined Weak Reference
    _fp_trap_init                             - Undefined Weak Reference
    _fp_trap_shutdown                         - Undefined Weak Reference
    _get_lc_collate                           - Undefined Weak Reference
    _get_lc_monetary                          - Undefined Weak Reference
    _get_lc_time                              - Undefined Weak Reference
    _getenv_init                              - Undefined Weak Reference
    _handle_redirection                       - Undefined Weak Reference
    _init_alloc                               - Undefined Weak Reference
    _init_user_alloc                          - Undefined Weak Reference
    _initio                                   - Undefined Weak Reference
    _printf_mbtowc                            - Undefined Weak Reference
    _printf_wc                                - Undefined Weak Reference
    _rand_init                                - Undefined Weak Reference
    _signal_finish                            - Undefined Weak Reference
    _signal_init                              - Undefined Weak Reference
    _terminate_alloc                          - Undefined Weak Reference
    _terminate_user_alloc                     - Undefined Weak Reference
    _terminateio                              - Undefined Weak Reference
    __Vectors_Size                           0x000001ac   Number         0  startup_stm32f427xx.o ABSOLUTE
    __Vectors                                0x08000000   Data           4  startup_stm32f427xx.o(RESET)
    __Vectors_End                            0x080001ac   Data           0  startup_stm32f427xx.o(RESET)
    __main                                   0x080001ad   Thumb Code     8  __main.o(!!!main)
    __scatterload                            0x080001b5   Thumb Code     0  __scatter.o(!!!scatter)
    __scatterload_rt2                        0x080001b5   Thumb Code    44  __scatter.o(!!!scatter)
    __scatterload_rt2_thumb_only             0x080001b5   Thumb Code     0  __scatter.o(!!!scatter)
    __scatterload_null                       0x080001c3   Thumb Code     0  __scatter.o(!!!scatter)
    __scatterload_copy                       0x080001e9   Thumb Code    26  __scatter_copy.o(!!handler_copy)
    __scatterload_zeroinit                   0x08000205   Thumb Code    28  __scatter_zi.o(!!handler_zi)
    _printf_n                                0x08000221   Thumb Code     0  _printf_n.o(.ARM.Collect$$_printf_percent$$00000001)
    _printf_percent                          0x08000221   Thumb Code     0  _printf_percent.o(.ARM.Collect$$_printf_percent$$00000000)
    _printf_p                                0x08000227   Thumb Code     0  _printf_p.o(.ARM.Collect$$_printf_percent$$00000002)
    _printf_f                                0x0800022d   Thumb Code     0  _printf_f.o(.ARM.Collect$$_printf_percent$$00000003)
    _printf_e                                0x08000233   Thumb Code     0  _printf_e.o(.ARM.Collect$$_printf_percent$$00000004)
    _printf_g                                0x08000239   Thumb Code     0  _printf_g.o(.ARM.Collect$$_printf_percent$$00000005)
    _printf_a                                0x0800023f   Thumb Code     0  _printf_a.o(.ARM.Collect$$_printf_percent$$00000006)
    _printf_ll                               0x08000245   Thumb Code     0  _printf_ll.o(.ARM.Collect$$_printf_percent$$00000007)
    _printf_i                                0x0800024f   Thumb Code     0  _printf_i.o(.ARM.Collect$$_printf_percent$$00000008)
    _printf_d                                0x08000255   Thumb Code     0  _printf_d.o(.ARM.Collect$$_printf_percent$$00000009)
    _printf_u                                0x0800025b   Thumb Code     0  _printf_u.o(.ARM.Collect$$_printf_percent$$0000000A)
    _printf_o                                0x08000261   Thumb Code     0  _printf_o.o(.ARM.Collect$$_printf_percent$$0000000B)
    _printf_x                                0x08000267   Thumb Code     0  _printf_x.o(.ARM.Collect$$_printf_percent$$0000000C)
    _printf_lli                              0x0800026d   Thumb Code     0  _printf_lli.o(.ARM.Collect$$_printf_percent$$0000000D)
    _printf_lld                              0x08000273   Thumb Code     0  _printf_lld.o(.ARM.Collect$$_printf_percent$$0000000E)
    _printf_llu                              0x08000279   Thumb Code     0  _printf_llu.o(.ARM.Collect$$_printf_percent$$0000000F)
    _printf_llo                              0x0800027f   Thumb Code     0  _printf_llo.o(.ARM.Collect$$_printf_percent$$00000010)
    _printf_llx                              0x08000285   Thumb Code     0  _printf_llx.o(.ARM.Collect$$_printf_percent$$00000011)
    _printf_l                                0x0800028b   Thumb Code     0  _printf_l.o(.ARM.Collect$$_printf_percent$$00000012)
    _printf_c                                0x08000295   Thumb Code     0  _printf_c.o(.ARM.Collect$$_printf_percent$$00000013)
    _printf_s                                0x0800029b   Thumb Code     0  _printf_s.o(.ARM.Collect$$_printf_percent$$00000014)
    _printf_lc                               0x080002a1   Thumb Code     0  _printf_lc.o(.ARM.Collect$$_printf_percent$$00000015)
    _printf_ls                               0x080002a7   Thumb Code     0  _printf_ls.o(.ARM.Collect$$_printf_percent$$00000016)
    _printf_percent_end                      0x080002ad   Thumb Code     0  _printf_percent_end.o(.ARM.Collect$$_printf_percent$$00000017)
    __rt_lib_init                            0x080002b1   Thumb Code     0  libinit.o(.ARM.Collect$$libinit$$00000000)
    __rt_lib_init_fp_1                       0x080002b3   Thumb Code     0  libinit2.o(.ARM.Collect$$libinit$$00000001)
    __rt_lib_init_heap_1                     0x080002b7   Thumb Code     0  libinit2.o(.ARM.Collect$$libinit$$0000000A)
    __rt_lib_init_lc_common                  0x080002b7   Thumb Code     0  libinit2.o(.ARM.Collect$$libinit$$0000000F)
    __rt_lib_init_preinit_1                  0x080002b7   Thumb Code     0  libinit2.o(.ARM.Collect$$libinit$$00000004)
    __rt_lib_init_rand_1                     0x080002b7   Thumb Code     0  libinit2.o(.ARM.Collect$$libinit$$0000000E)
    __rt_lib_init_user_alloc_1               0x080002b7   Thumb Code     0  libinit2.o(.ARM.Collect$$libinit$$0000000C)
    __rt_lib_init_lc_collate_1               0x080002bd   Thumb Code     0  libinit2.o(.ARM.Collect$$libinit$$00000011)
    __rt_lib_init_lc_ctype_2                 0x080002bd   Thumb Code     0  libinit2.o(.ARM.Collect$$libinit$$00000012)
    __rt_lib_init_lc_ctype_1                 0x080002c9   Thumb Code     0  libinit2.o(.ARM.Collect$$libinit$$00000013)
    __rt_lib_init_lc_monetary_1              0x080002c9   Thumb Code     0  libinit2.o(.ARM.Collect$$libinit$$00000015)
    __rt_lib_init_lc_numeric_2               0x080002c9   Thumb Code     0  libinit2.o(.ARM.Collect$$libinit$$00000016)
    __rt_lib_init_alloca_1                   0x080002d3   Thumb Code     0  libinit2.o(.ARM.Collect$$libinit$$0000002E)
    __rt_lib_init_argv_1                     0x080002d3   Thumb Code     0  libinit2.o(.ARM.Collect$$libinit$$0000002C)
    __rt_lib_init_atexit_1                   0x080002d3   Thumb Code     0  libinit2.o(.ARM.Collect$$libinit$$0000001B)
    __rt_lib_init_clock_1                    0x080002d3   Thumb Code     0  libinit2.o(.ARM.Collect$$libinit$$00000021)
    __rt_lib_init_cpp_1                      0x080002d3   Thumb Code     0  libinit2.o(.ARM.Collect$$libinit$$00000032)
    __rt_lib_init_exceptions_1               0x080002d3   Thumb Code     0  libinit2.o(.ARM.Collect$$libinit$$00000030)
    __rt_lib_init_fp_trap_1                  0x080002d3   Thumb Code     0  libinit2.o(.ARM.Collect$$libinit$$0000001F)
    __rt_lib_init_getenv_1                   0x080002d3   Thumb Code     0  libinit2.o(.ARM.Collect$$libinit$$00000023)
    __rt_lib_init_lc_numeric_1               0x080002d3   Thumb Code     0  libinit2.o(.ARM.Collect$$libinit$$00000017)
    __rt_lib_init_lc_time_1                  0x080002d3   Thumb Code     0  libinit2.o(.ARM.Collect$$libinit$$00000019)
    __rt_lib_init_return                     0x080002d3   Thumb Code     0  libinit2.o(.ARM.Collect$$libinit$$00000033)
    __rt_lib_init_signal_1                   0x080002d3   Thumb Code     0  libinit2.o(.ARM.Collect$$libinit$$0000001D)
    __rt_lib_init_stdio_1                    0x080002d3   Thumb Code     0  libinit2.o(.ARM.Collect$$libinit$$00000025)
    __rt_lib_shutdown                        0x080002d5   Thumb Code     0  libshutdown.o(.ARM.Collect$$libshutdown$$00000000)
    __rt_lib_shutdown_cpp_1                  0x080002d7   Thumb Code     0  libshutdown2.o(.ARM.Collect$$libshutdown$$00000004)
    __rt_lib_shutdown_fini_1                 0x080002d7   Thumb Code     0  libshutdown2.o(.ARM.Collect$$libshutdown$$00000002)
    __rt_lib_shutdown_fp_trap_1              0x080002d7   Thumb Code     0  libshutdown2.o(.ARM.Collect$$libshutdown$$00000009)
    __rt_lib_shutdown_heap_1                 0x080002d7   Thumb Code     0  libshutdown2.o(.ARM.Collect$$libshutdown$$00000011)
    __rt_lib_shutdown_return                 0x080002d7   Thumb Code     0  libshutdown2.o(.ARM.Collect$$libshutdown$$00000012)
    __rt_lib_shutdown_signal_1               0x080002d7   Thumb Code     0  libshutdown2.o(.ARM.Collect$$libshutdown$$0000000C)
    __rt_lib_shutdown_stdio_1                0x080002d7   Thumb Code     0  libshutdown2.o(.ARM.Collect$$libshutdown$$00000006)
    __rt_lib_shutdown_user_alloc_1           0x080002d7   Thumb Code     0  libshutdown2.o(.ARM.Collect$$libshutdown$$0000000E)
    __rt_entry                               0x080002d9   Thumb Code     0  __rtentry.o(.ARM.Collect$$rtentry$$00000000)
    __rt_entry_presh_1                       0x080002d9   Thumb Code     0  __rtentry2.o(.ARM.Collect$$rtentry$$00000002)
    __rt_entry_sh                            0x080002d9   Thumb Code     0  __rtentry4.o(.ARM.Collect$$rtentry$$00000004)
    __rt_entry_li                            0x080002df   Thumb Code     0  __rtentry2.o(.ARM.Collect$$rtentry$$0000000A)
    __rt_entry_postsh_1                      0x080002df   Thumb Code     0  __rtentry2.o(.ARM.Collect$$rtentry$$00000009)
    __rt_entry_main                          0x080002e3   Thumb Code     0  __rtentry2.o(.ARM.Collect$$rtentry$$0000000D)
    __rt_entry_postli_1                      0x080002e3   Thumb Code     0  __rtentry2.o(.ARM.Collect$$rtentry$$0000000C)
    __rt_exit                                0x080002eb   Thumb Code     0  rtexit.o(.ARM.Collect$$rtexit$$00000000)
    __rt_exit_ls                             0x080002ed   Thumb Code     0  rtexit2.o(.ARM.Collect$$rtexit$$00000003)
    __rt_exit_prels_1                        0x080002ed   Thumb Code     0  rtexit2.o(.ARM.Collect$$rtexit$$00000002)
    __rt_exit_exit                           0x080002f1   Thumb Code     0  rtexit2.o(.ARM.Collect$$rtexit$$00000004)
    Reset_Handler                            0x080002f9   Thumb Code     8  startup_stm32f427xx.o(.text)
    ADC_IRQHandler                           0x08000313   Thumb Code     0  startup_stm32f427xx.o(.text)
    CAN1_RX0_IRQHandler                      0x08000313   Thumb Code     0  startup_stm32f427xx.o(.text)
    CAN1_RX1_IRQHandler                      0x08000313   Thumb Code     0  startup_stm32f427xx.o(.text)
    CAN1_SCE_IRQHandler                      0x08000313   Thumb Code     0  startup_stm32f427xx.o(.text)
    CAN1_TX_IRQHandler                       0x08000313   Thumb Code     0  startup_stm32f427xx.o(.text)
    CAN2_RX0_IRQHandler                      0x08000313   Thumb Code     0  startup_stm32f427xx.o(.text)
    CAN2_RX1_IRQHandler                      0x08000313   Thumb Code     0  startup_stm32f427xx.o(.text)
    CAN2_SCE_IRQHandler                      0x08000313   Thumb Code     0  startup_stm32f427xx.o(.text)
    CAN2_TX_IRQHandler                       0x08000313   Thumb Code     0  startup_stm32f427xx.o(.text)
    DCMI_IRQHandler                          0x08000313   Thumb Code     0  startup_stm32f427xx.o(.text)
    DMA1_Stream0_IRQHandler                  0x08000313   Thumb Code     0  startup_stm32f427xx.o(.text)
    DMA1_Stream1_IRQHandler                  0x08000313   Thumb Code     0  startup_stm32f427xx.o(.text)
    DMA1_Stream2_IRQHandler                  0x08000313   Thumb Code     0  startup_stm32f427xx.o(.text)
    DMA1_Stream3_IRQHandler                  0x08000313   Thumb Code     0  startup_stm32f427xx.o(.text)
    DMA1_Stream4_IRQHandler                  0x08000313   Thumb Code     0  startup_stm32f427xx.o(.text)
    DMA1_Stream5_IRQHandler                  0x08000313   Thumb Code     0  startup_stm32f427xx.o(.text)
    DMA1_Stream6_IRQHandler                  0x08000313   Thumb Code     0  startup_stm32f427xx.o(.text)
    DMA1_Stream7_IRQHandler                  0x08000313   Thumb Code     0  startup_stm32f427xx.o(.text)
    DMA2D_IRQHandler                         0x08000313   Thumb Code     0  startup_stm32f427xx.o(.text)
    DMA2_Stream0_IRQHandler                  0x08000313   Thumb Code     0  startup_stm32f427xx.o(.text)
    DMA2_Stream1_IRQHandler                  0x08000313   Thumb Code     0  startup_stm32f427xx.o(.text)
    DMA2_Stream2_IRQHandler                  0x08000313   Thumb Code     0  startup_stm32f427xx.o(.text)
    DMA2_Stream3_IRQHandler                  0x08000313   Thumb Code     0  startup_stm32f427xx.o(.text)
    DMA2_Stream4_IRQHandler                  0x08000313   Thumb Code     0  startup_stm32f427xx.o(.text)
    DMA2_Stream5_IRQHandler                  0x08000313   Thumb Code     0  startup_stm32f427xx.o(.text)
    DMA2_Stream7_IRQHandler                  0x08000313   Thumb Code     0  startup_stm32f427xx.o(.text)
    ETH_IRQHandler                           0x08000313   Thumb Code     0  startup_stm32f427xx.o(.text)
    ETH_WKUP_IRQHandler                      0x08000313   Thumb Code     0  startup_stm32f427xx.o(.text)
    EXTI0_IRQHandler                         0x08000313   Thumb Code     0  startup_stm32f427xx.o(.text)
    EXTI15_10_IRQHandler                     0x08000313   Thumb Code     0  startup_stm32f427xx.o(.text)
    EXTI1_IRQHandler                         0x08000313   Thumb Code     0  startup_stm32f427xx.o(.text)
    EXTI2_IRQHandler                         0x08000313   Thumb Code     0  startup_stm32f427xx.o(.text)
    EXTI3_IRQHandler                         0x08000313   Thumb Code     0  startup_stm32f427xx.o(.text)
    EXTI4_IRQHandler                         0x08000313   Thumb Code     0  startup_stm32f427xx.o(.text)
    EXTI9_5_IRQHandler                       0x08000313   Thumb Code     0  startup_stm32f427xx.o(.text)
    FLASH_IRQHandler                         0x08000313   Thumb Code     0  startup_stm32f427xx.o(.text)
    FMC_IRQHandler                           0x08000313   Thumb Code     0  startup_stm32f427xx.o(.text)
    FPU_IRQHandler                           0x08000313   Thumb Code     0  startup_stm32f427xx.o(.text)
    HASH_RNG_IRQHandler                      0x08000313   Thumb Code     0  startup_stm32f427xx.o(.text)
    I2C1_ER_IRQHandler                       0x08000313   Thumb Code     0  startup_stm32f427xx.o(.text)
    I2C1_EV_IRQHandler                       0x08000313   Thumb Code     0  startup_stm32f427xx.o(.text)
    I2C2_ER_IRQHandler                       0x08000313   Thumb Code     0  startup_stm32f427xx.o(.text)
    I2C2_EV_IRQHandler                       0x08000313   Thumb Code     0  startup_stm32f427xx.o(.text)
    I2C3_ER_IRQHandler                       0x08000313   Thumb Code     0  startup_stm32f427xx.o(.text)
    I2C3_EV_IRQHandler                       0x08000313   Thumb Code     0  startup_stm32f427xx.o(.text)
    OTG_FS_IRQHandler                        0x08000313   Thumb Code     0  startup_stm32f427xx.o(.text)
    OTG_FS_WKUP_IRQHandler                   0x08000313   Thumb Code     0  startup_stm32f427xx.o(.text)
    OTG_HS_EP1_IN_IRQHandler                 0x08000313   Thumb Code     0  startup_stm32f427xx.o(.text)
    OTG_HS_EP1_OUT_IRQHandler                0x08000313   Thumb Code     0  startup_stm32f427xx.o(.text)
    OTG_HS_IRQHandler                        0x08000313   Thumb Code     0  startup_stm32f427xx.o(.text)
    OTG_HS_WKUP_IRQHandler                   0x08000313   Thumb Code     0  startup_stm32f427xx.o(.text)
    PVD_IRQHandler                           0x08000313   Thumb Code     0  startup_stm32f427xx.o(.text)
    RCC_IRQHandler                           0x08000313   Thumb Code     0  startup_stm32f427xx.o(.text)
    RTC_Alarm_IRQHandler                     0x08000313   Thumb Code     0  startup_stm32f427xx.o(.text)
    RTC_WKUP_IRQHandler                      0x08000313   Thumb Code     0  startup_stm32f427xx.o(.text)
    SAI1_IRQHandler                          0x08000313   Thumb Code     0  startup_stm32f427xx.o(.text)
    SDIO_IRQHandler                          0x08000313   Thumb Code     0  startup_stm32f427xx.o(.text)
    SPI1_IRQHandler                          0x08000313   Thumb Code     0  startup_stm32f427xx.o(.text)
    SPI2_IRQHandler                          0x08000313   Thumb Code     0  startup_stm32f427xx.o(.text)
    SPI3_IRQHandler                          0x08000313   Thumb Code     0  startup_stm32f427xx.o(.text)
    SPI4_IRQHandler                          0x08000313   Thumb Code     0  startup_stm32f427xx.o(.text)
    SPI5_IRQHandler                          0x08000313   Thumb Code     0  startup_stm32f427xx.o(.text)
    SPI6_IRQHandler                          0x08000313   Thumb Code     0  startup_stm32f427xx.o(.text)
    TAMP_STAMP_IRQHandler                    0x08000313   Thumb Code     0  startup_stm32f427xx.o(.text)
    TIM1_BRK_TIM9_IRQHandler                 0x08000313   Thumb Code     0  startup_stm32f427xx.o(.text)
    TIM1_CC_IRQHandler                       0x08000313   Thumb Code     0  startup_stm32f427xx.o(.text)
    TIM1_TRG_COM_TIM11_IRQHandler            0x08000313   Thumb Code     0  startup_stm32f427xx.o(.text)
    TIM1_UP_TIM10_IRQHandler                 0x08000313   Thumb Code     0  startup_stm32f427xx.o(.text)
    TIM2_IRQHandler                          0x08000313   Thumb Code     0  startup_stm32f427xx.o(.text)
    TIM3_IRQHandler                          0x08000313   Thumb Code     0  startup_stm32f427xx.o(.text)
    TIM4_IRQHandler                          0x08000313   Thumb Code     0  startup_stm32f427xx.o(.text)
    TIM5_IRQHandler                          0x08000313   Thumb Code     0  startup_stm32f427xx.o(.text)
    TIM6_DAC_IRQHandler                      0x08000313   Thumb Code     0  startup_stm32f427xx.o(.text)
    TIM7_IRQHandler                          0x08000313   Thumb Code     0  startup_stm32f427xx.o(.text)
    TIM8_BRK_TIM12_IRQHandler                0x08000313   Thumb Code     0  startup_stm32f427xx.o(.text)
    TIM8_CC_IRQHandler                       0x08000313   Thumb Code     0  startup_stm32f427xx.o(.text)
    TIM8_TRG_COM_TIM14_IRQHandler            0x08000313   Thumb Code     0  startup_stm32f427xx.o(.text)
    TIM8_UP_TIM13_IRQHandler                 0x08000313   Thumb Code     0  startup_stm32f427xx.o(.text)
    UART4_IRQHandler                         0x08000313   Thumb Code     0  startup_stm32f427xx.o(.text)
    UART5_IRQHandler                         0x08000313   Thumb Code     0  startup_stm32f427xx.o(.text)
    UART7_IRQHandler                         0x08000313   Thumb Code     0  startup_stm32f427xx.o(.text)
    UART8_IRQHandler                         0x08000313   Thumb Code     0  startup_stm32f427xx.o(.text)
    USART2_IRQHandler                        0x08000313   Thumb Code     0  startup_stm32f427xx.o(.text)
    USART3_IRQHandler                        0x08000313   Thumb Code     0  startup_stm32f427xx.o(.text)
    USART6_IRQHandler                        0x08000313   Thumb Code     0  startup_stm32f427xx.o(.text)
    WWDG_IRQHandler                          0x08000313   Thumb Code     0  startup_stm32f427xx.o(.text)
    __user_initial_stackheap                 0x08000315   Thumb Code     0  startup_stm32f427xx.o(.text)
    __aeabi_uldivmod                         0x08000339   Thumb Code     0  lludivv7m.o(.text)
    _ll_udiv                                 0x08000339   Thumb Code   238  lludivv7m.o(.text)
    vsprintf                                 0x08000429   Thumb Code    32  vsprintf.o(.text)
    __aeabi_memclr4                          0x0800044d   Thumb Code     0  rt_memclr_w.o(.text)
    __aeabi_memclr8                          0x0800044d   Thumb Code     0  rt_memclr_w.o(.text)
    __rt_memclr_w                            0x0800044d   Thumb Code    78  rt_memclr_w.o(.text)
    _memset_w                                0x08000451   Thumb Code     0  rt_memclr_w.o(.text)
    __use_two_region_memory                  0x0800049b   Thumb Code     2  heapauxi.o(.text)
    __rt_heap_escrow$2region                 0x0800049d   Thumb Code     2  heapauxi.o(.text)
    __rt_heap_expand$2region                 0x0800049f   Thumb Code     2  heapauxi.o(.text)
    _printf_pre_padding                      0x080004a1   Thumb Code    44  _printf_pad.o(.text)
    _printf_post_padding                     0x080004cd   Thumb Code    34  _printf_pad.o(.text)
    _printf_truncate_signed                  0x080004ef   Thumb Code    18  _printf_truncate.o(.text)
    _printf_truncate_unsigned                0x08000501   Thumb Code    18  _printf_truncate.o(.text)
    _printf_str                              0x08000513   Thumb Code    82  _printf_str.o(.text)
    _printf_int_dec                          0x08000565   Thumb Code   104  _printf_dec.o(.text)
    _printf_charcount                        0x080005dd   Thumb Code    40  _printf_charcount.o(.text)
    _printf_char_common                      0x0800060f   Thumb Code    32  _printf_char_common.o(.text)
    _sputc                                   0x08000635   Thumb Code    10  _sputc.o(.text)
    _printf_wctomb                           0x08000641   Thumb Code   182  _printf_wctomb.o(.text)
    _printf_longlong_dec                     0x080006fd   Thumb Code   108  _printf_longlong_dec.o(.text)
    _printf_longlong_oct                     0x08000779   Thumb Code    66  _printf_oct_int_ll.o(.text)
    _printf_int_oct                          0x080007bb   Thumb Code    24  _printf_oct_int_ll.o(.text)
    _printf_ll_oct                           0x080007d3   Thumb Code    12  _printf_oct_int_ll.o(.text)
    _printf_longlong_hex                     0x080007e9   Thumb Code    86  _printf_hex_int_ll_ptr.o(.text)
    _printf_int_hex                          0x0800083f   Thumb Code    28  _printf_hex_int_ll_ptr.o(.text)
    _printf_ll_hex                           0x0800085b   Thumb Code    12  _printf_hex_int_ll_ptr.o(.text)
    _printf_hex_ptr                          0x08000867   Thumb Code    18  _printf_hex_int_ll_ptr.o(.text)
    __printf                                 0x0800087d   Thumb Code   388  __printf_flags_ss_wp.o(.text)
    _ll_udiv10                               0x08000a05   Thumb Code   138  lludiv10.o(.text)
    _printf_int_common                       0x08000a8f   Thumb Code   178  _printf_intcommon.o(.text)
    __lib_sel_fp_printf                      0x08000b41   Thumb Code     2  _printf_fp_dec.o(.text)
    _printf_fp_dec_real                      0x08000cf3   Thumb Code   620  _printf_fp_dec.o(.text)
    _printf_fp_hex_real                      0x08000f61   Thumb Code   756  _printf_fp_hex.o(.text)
    _printf_cs_common                        0x0800125d   Thumb Code    20  _printf_char.o(.text)
    _printf_char                             0x08001271   Thumb Code    16  _printf_char.o(.text)
    _printf_string                           0x08001281   Thumb Code     8  _printf_char.o(.text)
    _printf_lcs_common                       0x08001289   Thumb Code    20  _printf_wchar.o(.text)
    _printf_wchar                            0x0800129d   Thumb Code    16  _printf_wchar.o(.text)
    _printf_wstring                          0x080012ad   Thumb Code     8  _printf_wchar.o(.text)
    _wcrtomb                                 0x080012b5   Thumb Code    64  _wcrtomb.o(.text)
    __user_setup_stackheap                   0x080012f5   Thumb Code    74  sys_stackheap_outer.o(.text)
    __rt_ctype_table                         0x08001341   Thumb Code    16  rt_ctype_table.o(.text)
    __rt_locale                              0x08001351   Thumb Code     8  rt_locale_intlibspace.o(.text)
    _printf_fp_infnan                        0x08001359   Thumb Code   112  _printf_fp_infnan.o(.text)
    _btod_etento                             0x080013d9   Thumb Code   224  bigflt0.o(.text)
    exit                                     0x080014bd   Thumb Code    18  exit.o(.text)
    __user_libspace                          0x080014d1   Thumb Code     8  libspace.o(.text)
    __user_perproc_libspace                  0x080014d1   Thumb Code     0  libspace.o(.text)
    __user_perthread_libspace                0x080014d1   Thumb Code     0  libspace.o(.text)
    strcmp                                   0x080014d9   Thumb Code   128  strcmpv7m.o(.text)
    _sys_exit                                0x08001559   Thumb Code     8  sys_exit.o(.text)
    __I$use$semihosting                      0x08001565   Thumb Code     0  use_no_semi.o(.text)
    __use_no_semihosting_swi                 0x08001565   Thumb Code     2  use_no_semi.o(.text)
    __semihosting_library_function           0x08001567   Thumb Code     0  indicate_semi.o(.text)
    _btod_d2e                                0x08001567   Thumb Code    62  btod.o(CL$$btod_d2e)
    _d2e_denorm_low                          0x080015a5   Thumb Code    70  btod.o(CL$$btod_d2e_denorm_low)
    _d2e_norm_op1                            0x080015eb   Thumb Code    96  btod.o(CL$$btod_d2e_norm_op1)
    __btod_div_common                        0x0800164b   Thumb Code   696  btod.o(CL$$btod_div_common)
    _e2e                                     0x08001983   Thumb Code   220  btod.o(CL$$btod_e2e)
    _btod_ediv                               0x08001a5f   Thumb Code    42  btod.o(CL$$btod_ediv)
    _btod_emul                               0x08001a89   Thumb Code    42  btod.o(CL$$btod_emul)
    __btod_mult_common                       0x08001ab3   Thumb Code   580  btod.o(CL$$btod_mult_common)
    BusFault_Handler                         0x08001cf7   Thumb Code     2  stm32f4xx_it.o(i.BusFault_Handler)
    DMA2_Stream6_IRQHandler                  0x08001cf9   Thumb Code     6  stm32f4xx_it.o(i.DMA2_Stream6_IRQHandler)
    DebugMon_Handler                         0x08001d81   Thumb Code     2  stm32f4xx_it.o(i.DebugMon_Handler)
    Error_Handler                            0x08001d83   Thumb Code     4  main.o(i.Error_Handler)
    HAL_DMA_IRQHandler                       0x08001d89   Thumb Code   412  stm32f4xx_hal_dma.o(i.HAL_DMA_IRQHandler)
    HAL_DMA_Init                             0x08001f29   Thumb Code   206  stm32f4xx_hal_dma.o(i.HAL_DMA_Init)
    HAL_Delay                                0x08001ffd   Thumb Code    32  stm32f4xx_hal.o(i.HAL_Delay)
    HAL_GPIO_Init                            0x08002021   Thumb Code   510  stm32f4xx_hal_gpio.o(i.HAL_GPIO_Init)
    HAL_GetTick                              0x08002255   Thumb Code     6  stm32f4xx_hal.o(i.HAL_GetTick)
    HAL_IncTick                              0x08002261   Thumb Code    12  stm32f4xx_hal.o(i.HAL_IncTick)
    HAL_Init                                 0x08002271   Thumb Code    48  stm32f4xx_hal.o(i.HAL_Init)
    HAL_InitTick                             0x080022a5   Thumb Code    54  stm32f4xx_hal.o(i.HAL_InitTick)
    HAL_MspInit                              0x080022e5   Thumb Code    42  stm32f4xx_hal_msp.o(i.HAL_MspInit)
    HAL_NVIC_EnableIRQ                       0x08002315   Thumb Code    26  stm32f4xx_hal_cortex.o(i.HAL_NVIC_EnableIRQ)
    HAL_NVIC_SetPriority                     0x08002331   Thumb Code    60  stm32f4xx_hal_cortex.o(i.HAL_NVIC_SetPriority)
    HAL_NVIC_SetPriorityGrouping             0x08002371   Thumb Code    26  stm32f4xx_hal_cortex.o(i.HAL_NVIC_SetPriorityGrouping)
    HAL_RCC_ClockConfig                      0x08002395   Thumb Code   288  stm32f4xx_hal_rcc.o(i.HAL_RCC_ClockConfig)
    HAL_RCC_GetPCLK1Freq                     0x080024c9   Thumb Code    20  stm32f4xx_hal_rcc.o(i.HAL_RCC_GetPCLK1Freq)
    HAL_RCC_GetPCLK2Freq                     0x080024e9   Thumb Code    20  stm32f4xx_hal_rcc.o(i.HAL_RCC_GetPCLK2Freq)
    HAL_RCC_GetSysClockFreq                  0x08002509   Thumb Code    88  stm32f4xx_hal_rcc.o(i.HAL_RCC_GetSysClockFreq)
    HAL_RCC_OscConfig                        0x0800256d   Thumb Code   856  stm32f4xx_hal_rcc.o(i.HAL_RCC_OscConfig)
    HAL_SYSTICK_Config                       0x080028d9   Thumb Code    40  stm32f4xx_hal_cortex.o(i.HAL_SYSTICK_Config)
    HAL_UART_Init                            0x08002901   Thumb Code    98  stm32f4xx_hal_uart.o(i.HAL_UART_Init)
    HAL_UART_MspInit                         0x08002965   Thumb Code   290  usart.o(i.HAL_UART_MspInit)
    HAL_UART_Transmit                        0x08002aa5   Thumb Code   178  stm32f4xx_hal_uart.o(i.HAL_UART_Transmit)
    HardFault_Handler                        0x08002b57   Thumb Code     2  stm32f4xx_it.o(i.HardFault_Handler)
    MX_DMA_Init                              0x08002b59   Thumb Code    56  dma.o(i.MX_DMA_Init)
    MX_GPIO_Init                             0x08002b95   Thumb Code    70  gpio.o(i.MX_GPIO_Init)
    MX_USART1_UART_Init                      0x08002be1   Thumb Code    50  usart.o(i.MX_USART1_UART_Init)
    MX_USART6_UART_Init                      0x08002c21   Thumb Code    48  usart.o(i.MX_USART6_UART_Init)
    MemManage_Handler                        0x08002c59   Thumb Code     2  stm32f4xx_it.o(i.MemManage_Handler)
    NMI_Handler                              0x08002c5b   Thumb Code     2  stm32f4xx_it.o(i.NMI_Handler)
    PendSV_Handler                           0x08002c5d   Thumb Code     2  stm32f4xx_it.o(i.PendSV_Handler)
    RC_init                                  0x08002c61   Thumb Code    84  bsp_rc.o(i.RC_init)
    SVC_Handler                              0x08002cc1   Thumb Code     2  stm32f4xx_it.o(i.SVC_Handler)
    SysTick_Handler                          0x08002cc3   Thumb Code     4  stm32f4xx_it.o(i.SysTick_Handler)
    SystemClock_Config                       0x08002cc9   Thumb Code   140  main.o(i.SystemClock_Config)
    SystemInit                               0x08002d5d   Thumb Code    12  system_stm32f4xx.o(i.SystemInit)
    USART1_IRQHandler                        0x08002ef1   Thumb Code   156  remote_control.o(i.USART1_IRQHandler)
    UsageFault_Handler                       0x08002fa5   Thumb Code     2  stm32f4xx_it.o(i.UsageFault_Handler)
    __ARM_fpclassify                         0x08002fa7   Thumb Code    48  fpclassify.o(i.__ARM_fpclassify)
    _is_digit                                0x08002ff7   Thumb Code    14  __printf_wp.o(i._is_digit)
    get_remote_control_point                 0x08003005   Thumb Code     4  remote_control.o(i.get_remote_control_point)
    main                                     0x0800300d   Thumb Code   124  main.o(i.main)
    remote_control_init                      0x08003091   Thumb Code    12  remote_control.o(i.remote_control_init)
    usart6_tx_dma_enable                     0x080030fd   Thumb Code   156  bsp_usart.o(i.usart6_tx_dma_enable)
    usart6_tx_dma_init                       0x080031a9   Thumb Code    14  bsp_usart.o(i.usart6_tx_dma_init)
    usart_printf                             0x080031bd   Thumb Code    40  main.o(i.usart_printf)
    _get_lc_numeric                          0x080031ed   Thumb Code    44  lc_numeric_c.o(locale$$code)
    _get_lc_ctype                            0x08003219   Thumb Code    44  lc_ctype_c.o(locale$$code)
    _fp_init                                 0x08003245   Thumb Code    10  fpinit.o(x$fpl$fpinit)
    __fplib_config_fpu_vfp                   0x0800324d   Thumb Code     0  fpinit.o(x$fpl$fpinit)
    __fplib_config_pureend_doubles           0x0800324d   Thumb Code     0  fpinit.o(x$fpl$fpinit)
    _printf_fp_dec                           0x0800324f   Thumb Code     4  printf1.o(x$fpl$printf1)
    _printf_fp_hex                           0x08003253   Thumb Code     4  printf2.o(x$fpl$printf2)
    __I$use$fp                               0x08003256   Number         0  usenofp.o(x$fpl$usenofp)
    AHBPrescTable                            0x0800325e   Data          16  system_stm32f4xx.o(.constdata)
    APBPrescTable                            0x0800326e   Data           8  system_stm32f4xx.o(.constdata)
    Region$$Table$$Base                      0x080033fc   Number         0  anon$$obj.o(Region$$Table)
    Region$$Table$$Limit                     0x0800341c   Number         0  anon$$obj.o(Region$$Table)
    __ctype                                  0x08003445   Data           0  lc_ctype_c.o(locale$$data)
    local_rc_ctrl                            0x20000008   Data           4  main.o(.data)
    uwTickFreq                               0x2000000c   Data           1  stm32f4xx_hal.o(.data)
    uwTickPrio                               0x20000010   Data           4  stm32f4xx_hal.o(.data)
    uwTick                                   0x20000014   Data           4  stm32f4xx_hal.o(.data)
    SystemCoreClock                          0x20000018   Data           4  system_stm32f4xx.o(.data)
    huart1                                   0x20000120   Data          68  usart.o(.bss)
    huart6                                   0x20000164   Data          68  usart.o(.bss)
    hdma_usart1_rx                           0x200001a8   Data          96  usart.o(.bss)
    hdma_usart6_tx                           0x20000208   Data          96  usart.o(.bss)
    rc_ctrl                                  0x20000268   Data          22  remote_control.o(.bss)
    __libspace_start                         0x200002c8   Data          96  libspace.o(.bss)
    __temporary_stack_top$libspace           0x20000328   Data           0  libspace.o(.bss)



==============================================================================

Memory Map of the image

  Image Entry point : 0x080001ad

  Load Region LR_IROM1 (Base: 0x08000000, Size: 0x00003568, Max: 0x00200000, ABSOLUTE)

    Execution Region ER_IROM1 (Exec base: 0x08000000, Load base: 0x08000000, Size: 0x00003548, Max: 0x00200000, ABSOLUTE)

    Exec Addr    Load Addr    Size         Type   Attr      Idx    E Section Name        Object

    0x08000000   0x08000000   0x000001ac   Data   RO            3    RESET               startup_stm32f427xx.o
    0x080001ac   0x080001ac   0x00000008   Code   RO         2262  * !!!main             c_w.l(__main.o)
    0x080001b4   0x080001b4   0x00000034   Code   RO         2595    !!!scatter          c_w.l(__scatter.o)
    0x080001e8   0x080001e8   0x0000001a   Code   RO         2597    !!handler_copy      c_w.l(__scatter_copy.o)
    0x08000202   0x08000202   0x00000002   PAD
    0x08000204   0x08000204   0x0000001c   Code   RO         2599    !!handler_zi        c_w.l(__scatter_zi.o)
    0x08000220   0x08000220   0x00000000   Code   RO         2350    .ARM.Collect$$_printf_percent$$00000000  c_w.l(_printf_percent.o)
    0x08000220   0x08000220   0x00000006   Code   RO         2339    .ARM.Collect$$_printf_percent$$00000001  c_w.l(_printf_n.o)
    0x08000226   0x08000226   0x00000006   Code   RO         2341    .ARM.Collect$$_printf_percent$$00000002  c_w.l(_printf_p.o)
    0x0800022c   0x0800022c   0x00000006   Code   RO         2346    .ARM.Collect$$_printf_percent$$00000003  c_w.l(_printf_f.o)
    0x08000232   0x08000232   0x00000006   Code   RO         2347    .ARM.Collect$$_printf_percent$$00000004  c_w.l(_printf_e.o)
    0x08000238   0x08000238   0x00000006   Code   RO         2348    .ARM.Collect$$_printf_percent$$00000005  c_w.l(_printf_g.o)
    0x0800023e   0x0800023e   0x00000006   Code   RO         2349    .ARM.Collect$$_printf_percent$$00000006  c_w.l(_printf_a.o)
    0x08000244   0x08000244   0x0000000a   Code   RO         2354    .ARM.Collect$$_printf_percent$$00000007  c_w.l(_printf_ll.o)
    0x0800024e   0x0800024e   0x00000006   Code   RO         2343    .ARM.Collect$$_printf_percent$$00000008  c_w.l(_printf_i.o)
    0x08000254   0x08000254   0x00000006   Code   RO         2344    .ARM.Collect$$_printf_percent$$00000009  c_w.l(_printf_d.o)
    0x0800025a   0x0800025a   0x00000006   Code   RO         2345    .ARM.Collect$$_printf_percent$$0000000A  c_w.l(_printf_u.o)
    0x08000260   0x08000260   0x00000006   Code   RO         2342    .ARM.Collect$$_printf_percent$$0000000B  c_w.l(_printf_o.o)
    0x08000266   0x08000266   0x00000006   Code   RO         2340    .ARM.Collect$$_printf_percent$$0000000C  c_w.l(_printf_x.o)
    0x0800026c   0x0800026c   0x00000006   Code   RO         2351    .ARM.Collect$$_printf_percent$$0000000D  c_w.l(_printf_lli.o)
    0x08000272   0x08000272   0x00000006   Code   RO         2352    .ARM.Collect$$_printf_percent$$0000000E  c_w.l(_printf_lld.o)
    0x08000278   0x08000278   0x00000006   Code   RO         2353    .ARM.Collect$$_printf_percent$$0000000F  c_w.l(_printf_llu.o)
    0x0800027e   0x0800027e   0x00000006   Code   RO         2358    .ARM.Collect$$_printf_percent$$00000010  c_w.l(_printf_llo.o)
    0x08000284   0x08000284   0x00000006   Code   RO         2359    .ARM.Collect$$_printf_percent$$00000011  c_w.l(_printf_llx.o)
    0x0800028a   0x0800028a   0x0000000a   Code   RO         2355    .ARM.Collect$$_printf_percent$$00000012  c_w.l(_printf_l.o)
    0x08000294   0x08000294   0x00000006   Code   RO         2337    .ARM.Collect$$_printf_percent$$00000013  c_w.l(_printf_c.o)
    0x0800029a   0x0800029a   0x00000006   Code   RO         2338    .ARM.Collect$$_printf_percent$$00000014  c_w.l(_printf_s.o)
    0x080002a0   0x080002a0   0x00000006   Code   RO         2356    .ARM.Collect$$_printf_percent$$00000015  c_w.l(_printf_lc.o)
    0x080002a6   0x080002a6   0x00000006   Code   RO         2357    .ARM.Collect$$_printf_percent$$00000016  c_w.l(_printf_ls.o)
    0x080002ac   0x080002ac   0x00000004   Code   RO         2400    .ARM.Collect$$_printf_percent$$00000017  c_w.l(_printf_percent_end.o)
    0x080002b0   0x080002b0   0x00000002   Code   RO         2453    .ARM.Collect$$libinit$$00000000  c_w.l(libinit.o)
    0x080002b2   0x080002b2   0x00000004   Code   RO         2475    .ARM.Collect$$libinit$$00000001  c_w.l(libinit2.o)
    0x080002b6   0x080002b6   0x00000000   Code   RO         2478    .ARM.Collect$$libinit$$00000004  c_w.l(libinit2.o)
    0x080002b6   0x080002b6   0x00000000   Code   RO         2481    .ARM.Collect$$libinit$$0000000A  c_w.l(libinit2.o)
    0x080002b6   0x080002b6   0x00000000   Code   RO         2483    .ARM.Collect$$libinit$$0000000C  c_w.l(libinit2.o)
    0x080002b6   0x080002b6   0x00000000   Code   RO         2485    .ARM.Collect$$libinit$$0000000E  c_w.l(libinit2.o)
    0x080002b6   0x080002b6   0x00000006   Code   RO         2486    .ARM.Collect$$libinit$$0000000F  c_w.l(libinit2.o)
    0x080002bc   0x080002bc   0x00000000   Code   RO         2488    .ARM.Collect$$libinit$$00000011  c_w.l(libinit2.o)
    0x080002bc   0x080002bc   0x0000000c   Code   RO         2489    .ARM.Collect$$libinit$$00000012  c_w.l(libinit2.o)
    0x080002c8   0x080002c8   0x00000000   Code   RO         2490    .ARM.Collect$$libinit$$00000013  c_w.l(libinit2.o)
    0x080002c8   0x080002c8   0x00000000   Code   RO         2492    .ARM.Collect$$libinit$$00000015  c_w.l(libinit2.o)
    0x080002c8   0x080002c8   0x0000000a   Code   RO         2493    .ARM.Collect$$libinit$$00000016  c_w.l(libinit2.o)
    0x080002d2   0x080002d2   0x00000000   Code   RO         2494    .ARM.Collect$$libinit$$00000017  c_w.l(libinit2.o)
    0x080002d2   0x080002d2   0x00000000   Code   RO         2496    .ARM.Collect$$libinit$$00000019  c_w.l(libinit2.o)
    0x080002d2   0x080002d2   0x00000000   Code   RO         2498    .ARM.Collect$$libinit$$0000001B  c_w.l(libinit2.o)
    0x080002d2   0x080002d2   0x00000000   Code   RO         2500    .ARM.Collect$$libinit$$0000001D  c_w.l(libinit2.o)
    0x080002d2   0x080002d2   0x00000000   Code   RO         2502    .ARM.Collect$$libinit$$0000001F  c_w.l(libinit2.o)
    0x080002d2   0x080002d2   0x00000000   Code   RO         2504    .ARM.Collect$$libinit$$00000021  c_w.l(libinit2.o)
    0x080002d2   0x080002d2   0x00000000   Code   RO         2506    .ARM.Collect$$libinit$$00000023  c_w.l(libinit2.o)
    0x080002d2   0x080002d2   0x00000000   Code   RO         2508    .ARM.Collect$$libinit$$00000025  c_w.l(libinit2.o)
    0x080002d2   0x080002d2   0x00000000   Code   RO         2512    .ARM.Collect$$libinit$$0000002C  c_w.l(libinit2.o)
    0x080002d2   0x080002d2   0x00000000   Code   RO         2514    .ARM.Collect$$libinit$$0000002E  c_w.l(libinit2.o)
    0x080002d2   0x080002d2   0x00000000   Code   RO         2516    .ARM.Collect$$libinit$$00000030  c_w.l(libinit2.o)
    0x080002d2   0x080002d2   0x00000000   Code   RO         2518    .ARM.Collect$$libinit$$00000032  c_w.l(libinit2.o)
    0x080002d2   0x080002d2   0x00000002   Code   RO         2519    .ARM.Collect$$libinit$$00000033  c_w.l(libinit2.o)
    0x080002d4   0x080002d4   0x00000002   Code   RO         2550    .ARM.Collect$$libshutdown$$00000000  c_w.l(libshutdown.o)
    0x080002d6   0x080002d6   0x00000000   Code   RO         2576    .ARM.Collect$$libshutdown$$00000002  c_w.l(libshutdown2.o)
    0x080002d6   0x080002d6   0x00000000   Code   RO         2578    .ARM.Collect$$libshutdown$$00000004  c_w.l(libshutdown2.o)
    0x080002d6   0x080002d6   0x00000000   Code   RO         2580    .ARM.Collect$$libshutdown$$00000006  c_w.l(libshutdown2.o)
    0x080002d6   0x080002d6   0x00000000   Code   RO         2583    .ARM.Collect$$libshutdown$$00000009  c_w.l(libshutdown2.o)
    0x080002d6   0x080002d6   0x00000000   Code   RO         2586    .ARM.Collect$$libshutdown$$0000000C  c_w.l(libshutdown2.o)
    0x080002d6   0x080002d6   0x00000000   Code   RO         2588    .ARM.Collect$$libshutdown$$0000000E  c_w.l(libshutdown2.o)
    0x080002d6   0x080002d6   0x00000000   Code   RO         2591    .ARM.Collect$$libshutdown$$00000011  c_w.l(libshutdown2.o)
    0x080002d6   0x080002d6   0x00000002   Code   RO         2592    .ARM.Collect$$libshutdown$$00000012  c_w.l(libshutdown2.o)
    0x080002d8   0x080002d8   0x00000000   Code   RO         2264    .ARM.Collect$$rtentry$$00000000  c_w.l(__rtentry.o)
    0x080002d8   0x080002d8   0x00000000   Code   RO         2369    .ARM.Collect$$rtentry$$00000002  c_w.l(__rtentry2.o)
    0x080002d8   0x080002d8   0x00000006   Code   RO         2381    .ARM.Collect$$rtentry$$00000004  c_w.l(__rtentry4.o)
    0x080002de   0x080002de   0x00000000   Code   RO         2371    .ARM.Collect$$rtentry$$00000009  c_w.l(__rtentry2.o)
    0x080002de   0x080002de   0x00000004   Code   RO         2372    .ARM.Collect$$rtentry$$0000000A  c_w.l(__rtentry2.o)
    0x080002e2   0x080002e2   0x00000000   Code   RO         2374    .ARM.Collect$$rtentry$$0000000C  c_w.l(__rtentry2.o)
    0x080002e2   0x080002e2   0x00000008   Code   RO         2375    .ARM.Collect$$rtentry$$0000000D  c_w.l(__rtentry2.o)
    0x080002ea   0x080002ea   0x00000002   Code   RO         2462    .ARM.Collect$$rtexit$$00000000  c_w.l(rtexit.o)
    0x080002ec   0x080002ec   0x00000000   Code   RO         2523    .ARM.Collect$$rtexit$$00000002  c_w.l(rtexit2.o)
    0x080002ec   0x080002ec   0x00000004   Code   RO         2524    .ARM.Collect$$rtexit$$00000003  c_w.l(rtexit2.o)
    0x080002f0   0x080002f0   0x00000006   Code   RO         2525    .ARM.Collect$$rtexit$$00000004  c_w.l(rtexit2.o)
    0x080002f6   0x080002f6   0x00000002   PAD
    0x080002f8   0x080002f8   0x00000040   Code   RO            4    .text               startup_stm32f427xx.o
    0x08000338   0x08000338   0x000000ee   Code   RO         2254    .text               c_w.l(lludivv7m.o)
    0x08000426   0x08000426   0x00000002   PAD
    0x08000428   0x08000428   0x00000024   Code   RO         2256    .text               c_w.l(vsprintf.o)
    0x0800044c   0x0800044c   0x0000004e   Code   RO         2258    .text               c_w.l(rt_memclr_w.o)
    0x0800049a   0x0800049a   0x00000006   Code   RO         2260    .text               c_w.l(heapauxi.o)
    0x080004a0   0x080004a0   0x0000004e   Code   RO         2271    .text               c_w.l(_printf_pad.o)
    0x080004ee   0x080004ee   0x00000024   Code   RO         2273    .text               c_w.l(_printf_truncate.o)
    0x08000512   0x08000512   0x00000052   Code   RO         2275    .text               c_w.l(_printf_str.o)
    0x08000564   0x08000564   0x00000078   Code   RO         2277    .text               c_w.l(_printf_dec.o)
    0x080005dc   0x080005dc   0x00000028   Code   RO         2279    .text               c_w.l(_printf_charcount.o)
    0x08000604   0x08000604   0x00000030   Code   RO         2281    .text               c_w.l(_printf_char_common.o)
    0x08000634   0x08000634   0x0000000a   Code   RO         2283    .text               c_w.l(_sputc.o)
    0x0800063e   0x0800063e   0x00000002   PAD
    0x08000640   0x08000640   0x000000bc   Code   RO         2285    .text               c_w.l(_printf_wctomb.o)
    0x080006fc   0x080006fc   0x0000007c   Code   RO         2288    .text               c_w.l(_printf_longlong_dec.o)
    0x08000778   0x08000778   0x00000070   Code   RO         2294    .text               c_w.l(_printf_oct_int_ll.o)
    0x080007e8   0x080007e8   0x00000094   Code   RO         2314    .text               c_w.l(_printf_hex_int_ll_ptr.o)
    0x0800087c   0x0800087c   0x00000188   Code   RO         2334    .text               c_w.l(__printf_flags_ss_wp.o)
    0x08000a04   0x08000a04   0x0000008a   Code   RO         2385    .text               c_w.l(lludiv10.o)
    0x08000a8e   0x08000a8e   0x000000b2   Code   RO         2387    .text               c_w.l(_printf_intcommon.o)
    0x08000b40   0x08000b40   0x0000041e   Code   RO         2389    .text               c_w.l(_printf_fp_dec.o)
    0x08000f5e   0x08000f5e   0x00000002   PAD
    0x08000f60   0x08000f60   0x000002fc   Code   RO         2391    .text               c_w.l(_printf_fp_hex.o)
    0x0800125c   0x0800125c   0x0000002c   Code   RO         2396    .text               c_w.l(_printf_char.o)
    0x08001288   0x08001288   0x0000002c   Code   RO         2398    .text               c_w.l(_printf_wchar.o)
    0x080012b4   0x080012b4   0x00000040   Code   RO         2401    .text               c_w.l(_wcrtomb.o)
    0x080012f4   0x080012f4   0x0000004a   Code   RO         2403    .text               c_w.l(sys_stackheap_outer.o)
    0x0800133e   0x0800133e   0x00000002   PAD
    0x08001340   0x08001340   0x00000010   Code   RO         2405    .text               c_w.l(rt_ctype_table.o)
    0x08001350   0x08001350   0x00000008   Code   RO         2410    .text               c_w.l(rt_locale_intlibspace.o)
    0x08001358   0x08001358   0x00000080   Code   RO         2412    .text               c_w.l(_printf_fp_infnan.o)
    0x080013d8   0x080013d8   0x000000e4   Code   RO         2414    .text               c_w.l(bigflt0.o)
    0x080014bc   0x080014bc   0x00000012   Code   RO         2442    .text               c_w.l(exit.o)
    0x080014ce   0x080014ce   0x00000002   PAD
    0x080014d0   0x080014d0   0x00000008   Code   RO         2459    .text               c_w.l(libspace.o)
    0x080014d8   0x080014d8   0x00000080   Code   RO         2473    .text               c_w.l(strcmpv7m.o)
    0x08001558   0x08001558   0x0000000c   Code   RO         2520    .text               c_w.l(sys_exit.o)
    0x08001564   0x08001564   0x00000002   Code   RO         2539    .text               c_w.l(use_no_semi.o)
    0x08001566   0x08001566   0x00000000   Code   RO         2541    .text               c_w.l(indicate_semi.o)
    0x08001566   0x08001566   0x0000003e   Code   RO         2417    CL$$btod_d2e        c_w.l(btod.o)
    0x080015a4   0x080015a4   0x00000046   Code   RO         2419    CL$$btod_d2e_denorm_low  c_w.l(btod.o)
    0x080015ea   0x080015ea   0x00000060   Code   RO         2418    CL$$btod_d2e_norm_op1  c_w.l(btod.o)
    0x0800164a   0x0800164a   0x00000338   Code   RO         2427    CL$$btod_div_common  c_w.l(btod.o)
    0x08001982   0x08001982   0x000000dc   Code   RO         2424    CL$$btod_e2e        c_w.l(btod.o)
    0x08001a5e   0x08001a5e   0x0000002a   Code   RO         2421    CL$$btod_ediv       c_w.l(btod.o)
    0x08001a88   0x08001a88   0x0000002a   Code   RO         2420    CL$$btod_emul       c_w.l(btod.o)
    0x08001ab2   0x08001ab2   0x00000244   Code   RO         2426    CL$$btod_mult_common  c_w.l(btod.o)
    0x08001cf6   0x08001cf6   0x00000002   Code   RO          279    i.BusFault_Handler  stm32f4xx_it.o
    0x08001cf8   0x08001cf8   0x0000000c   Code   RO          280    i.DMA2_Stream6_IRQHandler  stm32f4xx_it.o
    0x08001d04   0x08001d04   0x00000028   Code   RO         1289    i.DMA_CalcBaseAndBitshift  stm32f4xx_hal_dma.o
    0x08001d2c   0x08001d2c   0x00000054   Code   RO         1290    i.DMA_CheckFifoParam  stm32f4xx_hal_dma.o
    0x08001d80   0x08001d80   0x00000002   Code   RO          281    i.DebugMon_Handler  stm32f4xx_it.o
    0x08001d82   0x08001d82   0x00000004   Code   RO           13    i.Error_Handler     main.o
    0x08001d86   0x08001d86   0x00000002   PAD
    0x08001d88   0x08001d88   0x000001a0   Code   RO         1297    i.HAL_DMA_IRQHandler  stm32f4xx_hal_dma.o
    0x08001f28   0x08001f28   0x000000d4   Code   RO         1298    i.HAL_DMA_Init      stm32f4xx_hal_dma.o
    0x08001ffc   0x08001ffc   0x00000024   Code   RO         1729    i.HAL_Delay         stm32f4xx_hal.o
    0x08002020   0x08002020   0x00000234   Code   RO         1185    i.HAL_GPIO_Init     stm32f4xx_hal_gpio.o
    0x08002254   0x08002254   0x0000000c   Code   RO         1737    i.HAL_GetTick       stm32f4xx_hal.o
    0x08002260   0x08002260   0x00000010   Code   RO         1743    i.HAL_IncTick       stm32f4xx_hal.o
    0x08002270   0x08002270   0x00000034   Code   RO         1744    i.HAL_Init          stm32f4xx_hal.o
    0x080022a4   0x080022a4   0x00000040   Code   RO         1745    i.HAL_InitTick      stm32f4xx_hal.o
    0x080022e4   0x080022e4   0x00000030   Code   RO          361    i.HAL_MspInit       stm32f4xx_hal_msp.o
    0x08002314   0x08002314   0x0000001a   Code   RO         1592    i.HAL_NVIC_EnableIRQ  stm32f4xx_hal_cortex.o
    0x0800232e   0x0800232e   0x00000002   PAD
    0x08002330   0x08002330   0x00000040   Code   RO         1598    i.HAL_NVIC_SetPriority  stm32f4xx_hal_cortex.o
    0x08002370   0x08002370   0x00000024   Code   RO         1599    i.HAL_NVIC_SetPriorityGrouping  stm32f4xx_hal_cortex.o
    0x08002394   0x08002394   0x00000134   Code   RO          779    i.HAL_RCC_ClockConfig  stm32f4xx_hal_rcc.o
    0x080024c8   0x080024c8   0x00000020   Code   RO          786    i.HAL_RCC_GetPCLK1Freq  stm32f4xx_hal_rcc.o
    0x080024e8   0x080024e8   0x00000020   Code   RO          787    i.HAL_RCC_GetPCLK2Freq  stm32f4xx_hal_rcc.o
    0x08002508   0x08002508   0x00000064   Code   RO          788    i.HAL_RCC_GetSysClockFreq  stm32f4xx_hal_rcc.o
    0x0800256c   0x0800256c   0x0000036c   Code   RO          791    i.HAL_RCC_OscConfig  stm32f4xx_hal_rcc.o
    0x080028d8   0x080028d8   0x00000028   Code   RO         1603    i.HAL_SYSTICK_Config  stm32f4xx_hal_cortex.o
    0x08002900   0x08002900   0x00000062   Code   RO          450    i.HAL_UART_Init     stm32f4xx_hal_uart.o
    0x08002962   0x08002962   0x00000002   PAD
    0x08002964   0x08002964   0x00000140   Code   RO          232    i.HAL_UART_MspInit  usart.o
    0x08002aa4   0x08002aa4   0x000000b2   Code   RO          458    i.HAL_UART_Transmit  stm32f4xx_hal_uart.o
    0x08002b56   0x08002b56   0x00000002   Code   RO          282    i.HardFault_Handler  stm32f4xx_it.o
    0x08002b58   0x08002b58   0x0000003c   Code   RO          207    i.MX_DMA_Init       dma.o
    0x08002b94   0x08002b94   0x0000004c   Code   RO          183    i.MX_GPIO_Init      gpio.o
    0x08002be0   0x08002be0   0x00000040   Code   RO          233    i.MX_USART1_UART_Init  usart.o
    0x08002c20   0x08002c20   0x00000038   Code   RO          234    i.MX_USART6_UART_Init  usart.o
    0x08002c58   0x08002c58   0x00000002   Code   RO          283    i.MemManage_Handler  stm32f4xx_it.o
    0x08002c5a   0x08002c5a   0x00000002   Code   RO          284    i.NMI_Handler       stm32f4xx_it.o
    0x08002c5c   0x08002c5c   0x00000002   Code   RO          285    i.PendSV_Handler    stm32f4xx_it.o
    0x08002c5e   0x08002c5e   0x00000002   PAD
    0x08002c60   0x08002c60   0x00000060   Code   RO         2121    i.RC_init           bsp_rc.o
    0x08002cc0   0x08002cc0   0x00000002   Code   RO          286    i.SVC_Handler       stm32f4xx_it.o
    0x08002cc2   0x08002cc2   0x00000004   Code   RO          287    i.SysTick_Handler   stm32f4xx_it.o
    0x08002cc6   0x08002cc6   0x00000002   PAD
    0x08002cc8   0x08002cc8   0x00000094   Code   RO           14    i.SystemClock_Config  main.o
    0x08002d5c   0x08002d5c   0x00000010   Code   RO         1993    i.SystemInit        system_stm32f4xx.o
    0x08002d6c   0x08002d6c   0x0000010c   Code   RO          476    i.UART_SetConfig    stm32f4xx_hal_uart.o
    0x08002e78   0x08002e78   0x00000078   Code   RO          479    i.UART_WaitOnFlagUntilTimeout  stm32f4xx_hal_uart.o
    0x08002ef0   0x08002ef0   0x000000b4   Code   RO         2149    i.USART1_IRQHandler  remote_control.o
    0x08002fa4   0x08002fa4   0x00000002   Code   RO          288    i.UsageFault_Handler  stm32f4xx_it.o
    0x08002fa6   0x08002fa6   0x00000030   Code   RO         2457    i.__ARM_fpclassify  m_wm.l(fpclassify.o)
    0x08002fd6   0x08002fd6   0x00000020   Code   RO         1605    i.__NVIC_SetPriority  stm32f4xx_hal_cortex.o
    0x08002ff6   0x08002ff6   0x0000000e   Code   RO         2327    i._is_digit         c_w.l(__printf_wp.o)
    0x08003004   0x08003004   0x00000008   Code   RO         2150    i.get_remote_control_point  remote_control.o
    0x0800300c   0x0800300c   0x00000084   Code   RO           15    i.main              main.o
    0x08003090   0x08003090   0x00000010   Code   RO         2151    i.remote_control_init  remote_control.o
    0x080030a0   0x080030a0   0x0000005c   Code   RO         2152    i.sbus_to_rc        remote_control.o
    0x080030fc   0x080030fc   0x000000ac   Code   RO         2030    i.usart6_tx_dma_enable  bsp_usart.o
    0x080031a8   0x080031a8   0x00000014   Code   RO         2031    i.usart6_tx_dma_init  bsp_usart.o
    0x080031bc   0x080031bc   0x00000030   Code   RO           16    i.usart_printf      main.o
    0x080031ec   0x080031ec   0x0000002c   Code   RO         2440    locale$$code        c_w.l(lc_numeric_c.o)
    0x08003218   0x08003218   0x0000002c   Code   RO         2467    locale$$code        c_w.l(lc_ctype_c.o)
    0x08003244   0x08003244   0x0000000a   Code   RO         2535    x$fpl$fpinit        fz_wm.l(fpinit.o)
    0x0800324e   0x0800324e   0x00000004   Code   RO         2360    x$fpl$printf1       fz_wm.l(printf1.o)
    0x08003252   0x08003252   0x00000004   Code   RO         2362    x$fpl$printf2       fz_wm.l(printf2.o)
    0x08003256   0x08003256   0x00000000   Code   RO         2456    x$fpl$usenofp       fz_wm.l(usenofp.o)
    0x08003256   0x08003256   0x00000008   Data   RO         1304    .constdata          stm32f4xx_hal_dma.o
    0x0800325e   0x0800325e   0x00000010   Data   RO         1994    .constdata          system_stm32f4xx.o
    0x0800326e   0x0800326e   0x00000008   Data   RO         1995    .constdata          system_stm32f4xx.o
    0x08003276   0x08003276   0x00000002   PAD
    0x08003278   0x08003278   0x00000008   Data   RO         2286    .constdata          c_w.l(_printf_wctomb.o)
    0x08003280   0x08003280   0x00000028   Data   RO         2315    .constdata          c_w.l(_printf_hex_int_ll_ptr.o)
    0x080032a8   0x080032a8   0x00000011   Data   RO         2335    .constdata          c_w.l(__printf_flags_ss_wp.o)
    0x080032b9   0x080032b9   0x00000026   Data   RO         2392    .constdata          c_w.l(_printf_fp_hex.o)
    0x080032df   0x080032df   0x00000001   PAD
    0x080032e0   0x080032e0   0x00000094   Data   RO         2415    .constdata          c_w.l(bigflt0.o)
    0x08003374   0x08003374   0x00000087   Data   RO           18    .conststring        main.o
    0x080033fb   0x080033fb   0x00000001   PAD
    0x080033fc   0x080033fc   0x00000020   Data   RO         2593    Region$$Table       anon$$obj.o
    0x0800341c   0x0800341c   0x0000001c   Data   RO         2439    locale$$data        c_w.l(lc_numeric_c.o)
    0x08003438   0x08003438   0x00000110   Data   RO         2466    locale$$data        c_w.l(lc_ctype_c.o)


    Execution Region RW_IRAM2 (Exec base: 0x10000000, Load base: 0x08003568, Size: 0x00000000, Max: 0x00010000, ABSOLUTE)

    **** No section assigned to this execution region ****


    Execution Region RW_IRAM1 (Exec base: 0x20000000, Load base: 0x08003548, Size: 0x00000928, Max: 0x00030000, ABSOLUTE)

    Exec Addr    Load Addr    Size         Type   Attr      Idx    E Section Name        Object

    0x20000000   0x08003548   0x0000000c   Data   RW           19    .data               main.o
    0x2000000c   0x08003554   0x0000000c   Data   RW         1751    .data               stm32f4xx_hal.o
    0x20000018   0x08003560   0x00000004   Data   RW         1996    .data               system_stm32f4xx.o
    0x2000001c   0x08003564   0x00000002   Data   RW         2154    .data               remote_control.o
    0x2000001e   0x08003566   0x00000002   PAD
    0x20000020        -       0x00000100   Zero   RW           17    .bss                main.o
    0x20000120        -       0x00000148   Zero   RW          235    .bss                usart.o
    0x20000268        -       0x0000005e   Zero   RW         2153    .bss                remote_control.o
    0x200002c6   0x08003566   0x00000002   PAD
    0x200002c8        -       0x00000060   Zero   RW         2460    .bss                c_w.l(libspace.o)
    0x20000328        -       0x00000200   Zero   RW            2    HEAP                startup_stm32f427xx.o
    0x20000528        -       0x00000400   Zero   RW            1    STACK               startup_stm32f427xx.o


==============================================================================

Image component sizes


      Code (inc. data)   RO Data    RW Data    ZI Data      Debug   Object Name

        96         12          0          0          0       1030   bsp_rc.o
       192         22          0          0          0     624916   bsp_usart.o
        60          4          0          0          0        814   dma.o
        76          6          0          0          0        903   gpio.o
       332         24        135         12        256     712991   main.o
       296         32          0          2         94     628011   remote_control.o
        64         26        428          0       1536        860   startup_stm32f427xx.o
       180         28          0         12          0       9685   stm32f4xx_hal.o
       198         14          0          0          0      34043   stm32f4xx_hal_cortex.o
       752         16          8          0          0       4148   stm32f4xx_hal_dma.o
       564         54          0          0          0       1580   stm32f4xx_hal_gpio.o
        48          6          0          0          0        886   stm32f4xx_hal_msp.o
      1348         76          0          0          0       5336   stm32f4xx_hal_rcc.o
       664         10          0          0          0       4284   stm32f4xx_hal_uart.o
        32          6          0          0          0       4804   stm32f4xx_it.o
        16          4         24          4          0       1175   system_stm32f4xx.o
       440         52          0          0        328       2681   usart.o

    ----------------------------------------------------------------------
      5368        392        630         32       2216    2038147   Object Totals
         0          0         32          0          0          0   (incl. Generated)
        10          0          3          2          2          0   (incl. Padding)

    ----------------------------------------------------------------------

      Code (inc. data)   RO Data    RW Data    ZI Data      Debug   Library Member Name

         8          0          0          0          0         68   __main.o
       392          4         17          0          0         92   __printf_flags_ss_wp.o
        14          0          0          0          0         68   __printf_wp.o
         0          0          0          0          0          0   __rtentry.o
        12          0          0          0          0          0   __rtentry2.o
         6          0          0          0          0          0   __rtentry4.o
        52          8          0          0          0          0   __scatter.o
        26          0          0          0          0          0   __scatter_copy.o
        28          0          0          0          0          0   __scatter_zi.o
         6          0          0          0          0          0   _printf_a.o
         6          0          0          0          0          0   _printf_c.o
        44          0          0          0          0        108   _printf_char.o
        48          6          0          0          0         96   _printf_char_common.o
        40          0          0          0          0         68   _printf_charcount.o
         6          0          0          0          0          0   _printf_d.o
       120         16          0          0          0         92   _printf_dec.o
         6          0          0          0          0          0   _printf_e.o
         6          0          0          0          0          0   _printf_f.o
      1054          0          0          0          0        216   _printf_fp_dec.o
       764          8         38          0          0        100   _printf_fp_hex.o
       128         16          0          0          0         84   _printf_fp_infnan.o
         6          0          0          0          0          0   _printf_g.o
       148          4         40          0          0        160   _printf_hex_int_ll_ptr.o
         6          0          0          0          0          0   _printf_i.o
       178          0          0          0          0         88   _printf_intcommon.o
        10          0          0          0          0          0   _printf_l.o
         6          0          0          0          0          0   _printf_lc.o
        10          0          0          0          0          0   _printf_ll.o
         6          0          0          0          0          0   _printf_lld.o
         6          0          0          0          0          0   _printf_lli.o
         6          0          0          0          0          0   _printf_llo.o
         6          0          0          0          0          0   _printf_llu.o
         6          0          0          0          0          0   _printf_llx.o
       124         16          0          0          0         92   _printf_longlong_dec.o
         6          0          0          0          0          0   _printf_ls.o
         6          0          0          0          0          0   _printf_n.o
         6          0          0          0          0          0   _printf_o.o
       112         10          0          0          0        124   _printf_oct_int_ll.o
         6          0          0          0          0          0   _printf_p.o
        78          0          0          0          0        108   _printf_pad.o
         0          0          0          0          0          0   _printf_percent.o
         4          0          0          0          0          0   _printf_percent_end.o
         6          0          0          0          0          0   _printf_s.o
        82          0          0          0          0         80   _printf_str.o
        36          0          0          0          0         84   _printf_truncate.o
         6          0          0          0          0          0   _printf_u.o
        44          0          0          0          0        108   _printf_wchar.o
       188          6          8          0          0         92   _printf_wctomb.o
         6          0          0          0          0          0   _printf_x.o
        10          0          0          0          0         68   _sputc.o
        64          0          0          0          0         92   _wcrtomb.o
       228          4        148          0          0         96   bigflt0.o
      1936        128          0          0          0        672   btod.o
        18          0          0          0          0         80   exit.o
         6          0          0          0          0        152   heapauxi.o
         0          0          0          0          0          0   indicate_semi.o
        44         10        272          0          0         76   lc_ctype_c.o
        44         10         28          0          0         76   lc_numeric_c.o
         2          0          0          0          0          0   libinit.o
        34          0          0          0          0          0   libinit2.o
         2          0          0          0          0          0   libshutdown.o
         2          0          0          0          0          0   libshutdown2.o
         8          4          0          0         96         68   libspace.o
       138          0          0          0          0         80   lludiv10.o
       238          0          0          0          0        100   lludivv7m.o
        16          4          0          0          0         76   rt_ctype_table.o
         8          4          0          0          0         68   rt_locale_intlibspace.o
        78          0          0          0          0         80   rt_memclr_w.o
         2          0          0          0          0          0   rtexit.o
        10          0          0          0          0          0   rtexit2.o
       128          0          0          0          0         68   strcmpv7m.o
        12          4          0          0          0         68   sys_exit.o
        74          0          0          0          0         80   sys_stackheap_outer.o
         2          0          0          0          0         68   use_no_semi.o
        36          4          0          0          0         76   vsprintf.o
        10          0          0          0          0        116   fpinit.o
         4          0          0          0          0        116   printf1.o
         4          0          0          0          0        116   printf2.o
         0          0          0          0          0          0   usenofp.o
        48          0          0          0          0        124   fpclassify.o

    ----------------------------------------------------------------------
      7090        266        552          0         96       4544   Library Totals
        14          0          1          0          0          0   (incl. Padding)

    ----------------------------------------------------------------------

      Code (inc. data)   RO Data    RW Data    ZI Data      Debug   Library Name

      7010        266        551          0         96       4072   c_w.l
        18          0          0          0          0        348   fz_wm.l
        48          0          0          0          0        124   m_wm.l

    ----------------------------------------------------------------------
      7090        266        552          0         96       4544   Library Totals

    ----------------------------------------------------------------------

==============================================================================


      Code (inc. data)   RO Data    RW Data    ZI Data      Debug   

     12458        658       1182         32       2312    2035807   Grand Totals
     12458        658       1182         32       2312    2035807   ELF Image Totals
     12458        658       1182         32          0          0   ROM Totals

==============================================================================

    Total RO  Size (Code + RO Data)                13640 (  13.32kB)
    Total RW  Size (RW Data + ZI Data)              2344 (   2.29kB)
    Total ROM Size (Code + RO Data + RW Data)      13672 (  13.35kB)

==============================================================================

